{"logTime": "0816/140317", "correlationVector":"IHTGy6x9lNA3kivoKgP2fK.1","action":"SyncServerConnectionManagerRequest", "result":"SYNC_SERVER_OK", "context":{"environment":"Prod_germanywestcentral_prod-s01-011-eur-germanywestcentral", "migrationStage":"NotStarted", "server":"akswtt103000016"}}
{"logTime": "0816/140317", "correlationVector":"IHTGy6x9lNA3kivoKgP2fK.2","action":"ProcessGetUpdates", "result":"Done", "context":{"dataType":"Encryption Keys", "deleted":"0", "process_failed_to_decrypt":"0", "process_pending_decryption":"0", "process_success":"1", "total":"1"}}
{"logTime": "0816/140319", "correlationVector":"jDtwln3wNmFBKAz0s5IutC","action":"SyncServerConnectionManagerRequest", "result":"SYNC_SERVER_OK", "context":{"environment":"", "migrationStage":"", "server":""}}
{"logTime": "0816/140319", "correlationVector":"jDtwln3wNmFBKAz0s5IutC.0","action":"EncryptionKeysFetcher.DownloadKeys:", "result":"Success", "context":Key count: 10, Last key timestamp: 2026-05-05T11:38:52Z}
{"logTime": "0816/140319", "correlationVector":"jDtwln3wNmFBKAz0s5IutC.1","action":"EncryptionKeysManager::SetEncryptionKeys:", "result":"Success", "context":Key names[10]:[YeZ3fzitxQagdB4GOA/eTUFad/FaompdKmCC4/bT0ig/zMu/MC3qKzEtXlNBOKbR4WFtqOzd+avfE5kVc9rJiw==][1bWTuaw16eiLXbHEhDggU0XtnrEmZFAKG8Um6vX7TgIkO01anuvi2P0pIE/oJUwD825x7idC2EDUbq86O6DLAw==][Mk8YujUsvKl8Fi0Tgnuz5/Rc67w7USCBYqctjwNVHOXHJNihAcqis8NKlJ4pfq4oQpM7hkbqwEereflhOICiVQ==][Oudt5HtfT/3pKsjmIPpKzI8xSbTR5fv/OvqFJuUYBn+bORUMFo8CM82baHt1hwU9UpqM3ec60HpU0RFkeYngkA==][IPvIcUXTBxfmC/Vd5IbI8hqz8jTpb8dvFxjR5Vmhqbx9sPixY1XNVv4YtBpctQFG2Dzlp1m58cGUG4XCBINIlw==][+gO+4mI7e7YeSdB50Ls8Rkg3pJzcODnb30LqR9FNxoW8MxdrrIa1ikSAwBD8tZ8KUUoHnu9qsYKCIuvvwtg8KQ==][m/5Vd/JX9Lwy05CIaG5nxrn/Fj5n8ktuwdChf6sy4LKpEFHxiETwwHgD0uVzutGO5io+4t7n8a9ZiUSqx8MSPw==][Zmmydih24Cijf4KdodeodL6fKrSPeAFj2MZ0OAHxbPHkLhyfynWCzsfUYr8d56cxM1WFxzatPVbuLhHUipR9ig==][qzek1Nn4ugx84K5dCpsKFx8bEdXWxNmxcgXX/xnKNreBiAzoNcudSAZWspaYYWPyEL5XP5ljD039HlYBSubARg==][t3nsDBIWP+yXW0FtLSDdjcI3IIB8sT4INPi70iFH+dK1LhUml960YlAe/qY/muUpS/cJL9w1iRMEm/xuoShp7A==]}
{"logTime": "0816/140319", "correlationVector":"jDtwln3wNmFBKAz0s5IutC.2","action":"EncryptionKeysManager::SetEncryptionKeysWithTimestamps:", "result":"Success", "context":Key timestamps[10]:[2021-07-15T14:11:10Z][2022-02-03T21:01:13Z][2022-09-14T06:16:50Z][2023-03-26T07:44:52Z][2023-09-23T08:06:34Z][2024-04-06T06:37:35Z][2024-04-24T14:01:12Z][2025-01-29T17:09:46Z][2025-08-02T10:55:32Z][2026-05-05T11:38:52Z]}
{"logTime": "0816/140319", "correlationVector":"IHTGy6x9lNA3kivoKgP2fK","action":"Initial GetUpdates", "result":"", "context":Reason: NEW_CLIENT. cV=IHTGy6x9lNA3kivoKgP2fK}
{"logTime": "0816/140319", "correlationVector":"IHTGy6x9lNA3kivoKgP2fK.3","action":"GetUpdates Response", "result":"Success", "context":Received 1 update(s). cV=IHTGy6x9lNA3kivoKgP2fK.0;server=akswtt103000016;cloudType=Consumer;environment=Prod_germanywestcentral_prod-s01-011-eur-germanywestcentral;migrationStage=NotStarted}
{"logTime": "0816/140319", "correlationVector":"uCKpUxSnw8xP15zZffaAhb","action":"Initial GetUpdates", "result":"", "context":Reason: NEWLY_SUPPORTED_DATATYPE. cV=uCKpUxSnw8xP15zZffaAhb}
{"logTime": "0816/140320", "correlationVector":"uCKpUxSnw8xP15zZffaAhb.1","action":"SyncServerConnectionManagerRequest", "result":"SYNC_SERVER_OK", "context":{"environment":"Prod_germanywestcentral_prod-s01-011-eur-germanywestcentral", "migrationStage":"NotStarted", "server":"akswtt10300001z"}}
{"logTime": "0816/140320", "correlationVector":"uCKpUxSnw8xP15zZffaAhb.2","action":"ProcessGetUpdates", "result":"Done", "context":{"dataType":"Passwords", "deleted":"0", "process_failed_to_decrypt":"0", "process_pending_decryption":"0", "process_success":"6", "total":"6"}}
{"logTime": "0816/140320", "correlationVector":"uCKpUxSnw8xP15zZffaAhb.3","action":"ProcessGetUpdates", "result":"Done", "context":{"dataType":"Device Info", "deleted":"0", "process_failed_to_decrypt":"0", "process_pending_decryption":"0", "process_success":"2", "total":"2"}}
{"logTime": "0816/140320", "correlationVector":"uCKpUxSnw8xP15zZffaAhb.4","action":"GetUpdates Response", "result":"Success", "context":Received 8 update(s). cV=uCKpUxSnw8xP15zZffaAhb.0;server=akswtt10300001z;cloudType=Consumer;environment=Prod_germanywestcentral_prod-s01-011-eur-germanywestcentral;migrationStage=NotStarted}
{"logTime": "0816/140320", "correlationVector":"hIfTR7DjbVC30PYGusOTPh","action":"Initial GetUpdates", "result":"", "context":Reason: NEWLY_SUPPORTED_DATATYPE. cV=hIfTR7DjbVC30PYGusOTPh}
{"logTime": "0816/140320", "correlationVector":"hIfTR7DjbVC30PYGusOTPh.1","action":"SyncServerConnectionManagerRequest", "result":"SYNC_SERVER_OK", "context":{"environment":"Prod_germanywestcentral_prod-s01-011-eur-germanywestcentral", "migrationStage":"NotStarted", "server":"akswtt10300001q"}}
{"logTime": "0816/140320", "correlationVector":"hIfTR7DjbVC30PYGusOTPh.2","action":"ProcessGetUpdates", "result":"Done", "context":{"dataType":"Bookmarks", "deleted":"0", "process_failed_to_decrypt":"0", "process_pending_decryption":"0", "process_success":"16", "total":"16"}}
{"logTime": "0816/140320", "correlationVector":"hIfTR7DjbVC30PYGusOTPh.3","action":"ProcessGetUpdates", "result":"Done", "context":{"dataType":"Preferences", "deleted":"0", "process_failed_to_decrypt":"0", "process_pending_decryption":"0", "process_success":"52", "total":"52"}}
{"logTime": "0816/140320", "correlationVector":"hIfTR7DjbVC30PYGusOTPh.4","action":"ProcessGetUpdates", "result":"Done", "context":{"dataType":"Autofill Profiles", "deleted":"0", "process_failed_to_decrypt":"0", "process_pending_decryption":"0", "process_success":"1", "total":"1"}}
{"logTime": "0816/140320", "correlationVector":"hIfTR7DjbVC30PYGusOTPh.5","action":"ProcessGetUpdates", "result":"Done", "context":{"dataType":"Autofill", "deleted":"0", "process_failed_to_decrypt":"0", "process_pending_decryption":"0", "process_success":"6", "total":"6"}}
{"logTime": "0816/140320", "correlationVector":"hIfTR7DjbVC30PYGusOTPh.6","action":"ProcessGetUpdates", "result":"Done", "context":{"dataType":"Sessions", "deleted":"5", "process_failed_to_decrypt":"0", "process_pending_decryption":"0", "process_success":"5", "total":"5"}}
{"logTime": "0816/140320", "correlationVector":"hIfTR7DjbVC30PYGusOTPh.7","action":"GetUpdates Response", "result":"Success", "context":Received 80 update(s). cV=hIfTR7DjbVC30PYGusOTPh.0;server=akswtt10300001q;cloudType=Consumer;environment=Prod_germanywestcentral_prod-s01-011-eur-germanywestcentral;migrationStage=NotStarted}
{"logTime": "0816/140323", "correlationVector":"I3Bk0kzU4ovhs/Mwtpdi3K","action":"Initial GetUpdates", "result":"", "context":Reason: NEWLY_SUPPORTED_DATATYPE. cV=I3Bk0kzU4ovhs/Mwtpdi3K}
{"logTime": "0816/140323", "correlationVector":"I3Bk0kzU4ovhs/Mwtpdi3K.1","action":"SyncServerConnectionManagerRequest", "result":"SYNC_SERVER_OK", "context":{"environment":"Prod_germanywestcentral_prod-s01-011-eur-germanywestcentral", "migrationStage":"NotStarted", "server":"akswtt103000016"}}
{"logTime": "0816/140323", "correlationVector":"I3Bk0kzU4ovhs/Mwtpdi3K.2","action":"GetUpdates Response", "result":"Success", "context":Received 0 update(s). cV=I3Bk0kzU4ovhs/Mwtpdi3K.0;server=akswtt103000016;cloudType=Consumer;environment=Prod_germanywestcentral_prod-s01-011-eur-germanywestcentral;migrationStage=NotStarted}
{"logTime": "0816/140323", "correlationVector":"OMRnEF0j9lqABgAEcQM26i","action":"Normal GetUpdate request", "result":"", "context":cV=OMRnEF0j9lqABgAEcQM26i
Nudged types: Sessions, Device Info, User Consents
Refresh requested types: Bookmarks, Preferences, Passwords, Autofill Profiles, Autofill, Extensions, Sessions, Extension settings, History Delete Directives, Device Info, User Consents, Send Tab To Self, Web Apps, History, Saved Tab Group, WebAuthn Credentials, Edge E Drop, Edge Hub App Usage, Edge Workspace, Encryption Keys}
{"logTime": "0816/140323", "correlationVector":"OMRnEF0j9lqABgAEcQM26i.1","action":"SyncServerConnectionManagerRequest", "result":"SYNC_SERVER_OK", "context":{"environment":"Prod_germanywestcentral_prod-s01-011-eur-germanywestcentral", "migrationStage":"NotStarted", "server":"akswtt103000016"}}
{"logTime": "0816/140323", "correlationVector":"OMRnEF0j9lqABgAEcQM26i.2","action":"GetUpdates Response", "result":"Success", "context":Received 0 update(s). cV=OMRnEF0j9lqABgAEcQM26i.0;server=akswtt103000016;cloudType=Consumer;environment=Prod_germanywestcentral_prod-s01-011-eur-germanywestcentral;migrationStage=NotStarted}
{"logTime": "0816/140323", "correlationVector":"vjaHWdtxLxsuMRcP4yqtnl","action":"DoCompareDataConsistency requsted types: ", "result":"Bookmarks, Preferences, Passwords, Extensions, Extension settings, History Delete Directives, Send Tab To Self, Web Apps, History, Saved Tab Group, WebAuthn Credentials, Edge E Drop, Edge Workspace, Encryption Keys"}
{"logTime": "0816/140323", "correlationVector":"vjaHWdtxLxsuMRcP4yqtnl.0","action":"CompareDataConsistency result: ", "result":"Compare result: Encryption Keys is consistent. local entities count is: 1 local entities hash is: M/pbH2N2vfUaiQlD6pUp9D8PA6I="}
{"logTime": "0816/140323", "correlationVector":"vjaHWdtxLxsuMRcP4yqtnl.1","action":"CompareDataConsistency result: ", "result":"Compare result: Bookmarks is consistent. local entities count is: 10 local entities hash is: lLJnBCl9u1JrVtJ5BeNVuE9PEuQ="}
{"logTime": "0816/140323", "correlationVector":"vjaHWdtxLxsuMRcP4yqtnl.2","action":"CompareDataConsistency result: ", "result":"Compare result: Preferences is consistent. local entities count is: 52 local entities hash is: o1aRvax1aKlATS6g1u5CpyK6tg8="}
{"logTime": "0816/140323", "correlationVector":"vjaHWdtxLxsuMRcP4yqtnl.3","action":"CompareDataConsistency result: ", "result":"Compare result: Extensions is consistent. local entities count is: 0 local entities hash is: "}
{"logTime": "0816/140323", "correlationVector":"vjaHWdtxLxsuMRcP4yqtnl.4","action":"CompareDataConsistency result: ", "result":"Compare result: Extension settings is consistent. local entities count is: 0 local entities hash is: "}
{"logTime": "0816/140323", "correlationVector":"vjaHWdtxLxsuMRcP4yqtnl.5","action":"CompareDataConsistency result: ", "result":"Compare result: History Delete Directives is consistent. local entities count is: 0 local entities hash is: "}
{"logTime": "0816/140323", "correlationVector":"vjaHWdtxLxsuMRcP4yqtnl.6","action":"CompareDataConsistency result: ", "result":"Server did not send this Send Tab To Self local entities count is: 0 local entities hash is: "}
{"logTime": "0816/140323", "correlationVector":"vjaHWdtxLxsuMRcP4yqtnl.7","action":"CompareDataConsistency result: ", "result":"Compare result: Web Apps is consistent. local entities count is: 0 local entities hash is: "}
{"logTime": "0816/140323", "correlationVector":"vjaHWdtxLxsuMRcP4yqtnl.8","action":"CompareDataConsistency result: ", "result":"Server did not send this History local entities count is: 0 local entities hash is: "}
{"logTime": "0816/140323", "correlationVector":"vjaHWdtxLxsuMRcP4yqtnl.9","action":"CompareDataConsistency result: ", "result":"Compare result: Saved Tab Group is consistent. local entities count is: 0 local entities hash is: "}
{"logTime": "0816/140323", "correlationVector":"vjaHWdtxLxsuMRcP4yqtnl.10","action":"CompareDataConsistency result: ", "result":"Server did not send this WebAuthn Credentials local entities count is: 0 local entities hash is: "}
{"logTime": "0816/140323", "correlationVector":"vjaHWdtxLxsuMRcP4yqtnl.11","action":"CompareDataConsistency result: ", "result":"Compare result: Edge E Drop is consistent. local entities count is: 0 local entities hash is: "}
{"logTime": "0816/140323", "correlationVector":"vjaHWdtxLxsuMRcP4yqtnl.12","action":"CompareDataConsistency result: ", "result":"Server did not send this Edge Workspace local entities count is: 0 local entities hash is: "}
{"logTime": "0816/140323", "correlationVector":"vjaHWdtxLxsuMRcP4yqtnl.13","action":"CompareDataConsistency result: ", "result":"Compare result: Passwords is consistent. local entities count is: 6 local entities hash is: 7HPvOhxeYQiuUBj2bsVHnyY8hgY="}
{"logTime": "0816/140323", "correlationVector":"cds8Y0ntWsn/6YjGknWq8z","action":"Commit Request", "result":"", "context":Item count: 4
Contributing types: Sessions, Device Info, User Consents}
{"logTime": "0816/140324", "correlationVector":"cds8Y0ntWsn/6YjGknWq8z.1","action":"SyncServerConnectionManagerRequest", "result":"SYNC_SERVER_OK", "context":{"environment":"Prod_germanywestcentral_prod-s01-011-eur-germanywestcentral", "migrationStage":"NotStarted", "server":"akswtt10300001z"}}
{"logTime": "0816/140324", "correlationVector":"cds8Y0ntWsn/6YjGknWq8z.2","action":"Commit Response", "result":"Success", "context":Result: Success. cV=cds8Y0ntWsn/6YjGknWq8z.0;server=akswtt10300001z;cloudType=Consumer;environment=Prod_germanywestcentral_prod-s01-011-eur-germanywestcentral;migrationStage=NotStarted}
{"logTime": "0816/140324", "correlationVector":"","action":"DIAGNOSTIC_REQUEST|v1/diagnosticData/Diagnostic.SendCheckResult()|SUCCESS", "result":""}
{"logTime": "0816/140325", "correlationVector":"znhIQE6m7HqkbIxmV0p1td","action":"Normal GetUpdate request", "result":"", "context":cV=znhIQE6m7HqkbIxmV0p1td
Notified types: Device Info}
{"logTime": "0816/140326", "correlationVector":"znhIQE6m7HqkbIxmV0p1td.1","action":"SyncServerConnectionManagerRequest", "result":"SYNC_SERVER_OK", "context":{"environment":"Prod_germanywestcentral_prod-s01-011-eur-germanywestcentral", "migrationStage":"NotStarted", "server":"akswtt10300000z"}}
{"logTime": "0816/140326", "correlationVector":"znhIQE6m7HqkbIxmV0p1td.2","action":"ProcessGetUpdates", "result":"Done", "context":{"dataType":"Sessions", "deleted":"0", "process_failed_to_decrypt":"0", "process_pending_decryption":"0", "process_success":"4", "total":"4"}}
{"logTime": "0816/140326", "correlationVector":"znhIQE6m7HqkbIxmV0p1td.3","action":"ProcessGetUpdates", "result":"Done", "context":{"dataType":"Device Info", "deleted":"0", "process_failed_to_decrypt":"0", "process_pending_decryption":"0", "process_success":"2", "total":"2"}}
{"logTime": "0816/140326", "correlationVector":"znhIQE6m7HqkbIxmV0p1td.4","action":"GetUpdates Response", "result":"Success", "context":Received 6 update(s). cV=znhIQE6m7HqkbIxmV0p1td.0;server=akswtt10300000z;cloudType=Consumer;environment=Prod_germanywestcentral_prod-s01-011-eur-germanywestcentral;migrationStage=NotStarted}
{"logTime": "0816/140347", "correlationVector":"Fj5nzDg/4yD24kaZfgExTH","action":"Commit Request", "result":"", "context":Item count: 6
Contributing types: Passwords}
{"logTime": "0816/140347", "correlationVector":"Fj5nzDg/4yD24kaZfgExTH.1","action":"SyncServerConnectionManagerRequest", "result":"SYNC_SERVER_OK", "context":{"environment":"Prod_germanywestcentral_prod-s01-011-eur-germanywestcentral", "migrationStage":"NotStarted", "server":"akswtt10300001d"}}
{"logTime": "0816/140347", "correlationVector":"Fj5nzDg/4yD24kaZfgExTH.2","action":"Commit Response", "result":"Success", "context":Result: Success. cV=Fj5nzDg/4yD24kaZfgExTH.0;server=akswtt10300001d;cloudType=Consumer;environment=Prod_germanywestcentral_prod-s01-011-eur-germanywestcentral;migrationStage=NotStarted}
{"logTime": "0816/140347", "correlationVector":"Fj5nzDg/4yD24kaZfgExTH.3","action":"Commit.Passwords", "result":"Conflict", "context":{"id":"f1c2f30f-c777-4477-b8f2-42fbb3ed4267", "isDeleted":"false", "size":"642", "version":"1777981134141"}}
{"logTime": "0816/140347", "correlationVector":"Fj5nzDg/4yD24kaZfgExTH.4","action":"Commit.Passwords", "result":"Conflict", "context":{"id":"b9ca5a5f-37b8-42ed-b2c0-04704aad8dee", "isDeleted":"false", "size":"666", "version":"1777981134140"}}
{"logTime": "0816/140347", "correlationVector":"Fj5nzDg/4yD24kaZfgExTH.5","action":"Commit.Passwords", "result":"Conflict", "context":{"id":"92e30131-383e-4134-a6be-11f408f8d921", "isDeleted":"false", "size":"803", "version":"1777981134138"}}
{"logTime": "0816/140347", "correlationVector":"Fj5nzDg/4yD24kaZfgExTH.6","action":"Commit.Passwords", "result":"Conflict", "context":{"id":"83d4a077-7a90-41de-b9d6-b3ee7acab1e0", "isDeleted":"false", "size":"734", "version":"1777981134139"}}
{"logTime": "0816/140347", "correlationVector":"Fj5nzDg/4yD24kaZfgExTH.7","action":"Commit.Passwords", "result":"Conflict", "context":{"id":"13ac77d6-2de4-49d3-9733-d3f0e58b2249", "isDeleted":"false", "size":"715", "version":"1777981134142"}}
{"logTime": "0816/140347", "correlationVector":"Fj5nzDg/4yD24kaZfgExTH.8","action":"Commit.Passwords", "result":"Conflict", "context":{"id":"a6d2301d-1ee9-4aef-b6cf-977e3732101a", "isDeleted":"false", "size":"713", "version":"1780847781319"}}
{"logTime": "0816/140348", "correlationVector":"ZtqPrhYzalfo5oF25riu6G","action":"Normal GetUpdate request", "result":"", "context":cV=ZtqPrhYzalfo5oF25riu6G
Nudged types: Passwords
Notified types: Passwords}
{"logTime": "0816/140349", "correlationVector":"ZtqPrhYzalfo5oF25riu6G.1","action":"SyncServerConnectionManagerRequest", "result":"SYNC_SERVER_OK", "context":{"environment":"Prod_germanywestcentral_prod-s01-011-eur-germanywestcentral", "migrationStage":"NotStarted", "server":"akswtt10300001l"}}
{"logTime": "0816/140349", "correlationVector":"ZtqPrhYzalfo5oF25riu6G.2","action":"ProcessGetUpdates", "result":"Done", "context":{"dataType":"Passwords", "deleted":"0", "process_failed_to_decrypt":"0", "process_pending_decryption":"0", "process_success":"4", "total":"4"}}
{"logTime": "0816/140349", "correlationVector":"ZtqPrhYzalfo5oF25riu6G.3","action":"GetUpdates Response", "result":"Success", "context":Received 4 update(s). cV=ZtqPrhYzalfo5oF25riu6G.0;server=akswtt10300001l;cloudType=Consumer;environment=Prod_germanywestcentral_prod-s01-011-eur-germanywestcentral;migrationStage=NotStarted}
{"logTime": "0816/140349", "correlationVector":"GP3MkGH65K63p3iBSK86Ig","action":"Commit Request", "result":"", "context":Item count: 2
Contributing types: Passwords}
{"logTime": "0816/140350", "correlationVector":"GP3MkGH65K63p3iBSK86Ig.1","action":"SyncServerConnectionManagerRequest", "result":"SYNC_SERVER_OK", "context":{"environment":"Prod_germanywestcentral_prod-s01-011-eur-germanywestcentral", "migrationStage":"NotStarted", "server":"akswtt10300000d"}}
{"logTime": "0816/140350", "correlationVector":"GP3MkGH65K63p3iBSK86Ig.2","action":"Commit Response", "result":"Success", "context":Result: Success. cV=GP3MkGH65K63p3iBSK86Ig.0;server=akswtt10300000d;cloudType=Consumer;environment=Prod_germanywestcentral_prod-s01-011-eur-germanywestcentral;migrationStage=NotStarted}
{"logTime": "0816/140350", "correlationVector":"GP3MkGH65K63p3iBSK86Ig.3","action":"Commit.Passwords", "result":"Conflict", "context":{"id":"13ac77d6-2de4-49d3-9733-d3f0e58b2249", "isDeleted":"false", "size":"715", "version":"1777981134142"}}
{"logTime": "0816/140350", "correlationVector":"GP3MkGH65K63p3iBSK86Ig.4","action":"Commit.Passwords", "result":"Conflict", "context":{"id":"a6d2301d-1ee9-4aef-b6cf-977e3732101a", "isDeleted":"false", "size":"713", "version":"1780847781319"}}
{"logTime": "0816/220324", "correlationVector":"wyYKGinX9nuu0wyvmHPRWL","action":"Poll GetUpdate request", "result":"", "context":cV=wyYKGinX9nuu0wyvmHPRWL}
{"logTime": "0816/220324", "correlationVector":"wyYKGinX9nuu0wyvmHPRWL.1","action":"SyncServerConnectionManagerRequest", "result":"SYNC_SERVER_OK", "context":{"environment":"Prod_germanywestcentral_prod-s01-010-eur-germanywestcentral", "migrationStage":"NotStarted", "server":"akswtt00400000b"}}
{"logTime": "0816/220324", "correlationVector":"wyYKGinX9nuu0wyvmHPRWL.2","action":"GetUpdates Response", "result":"Success", "context":Received 0 update(s). cV=wyYKGinX9nuu0wyvmHPRWL.0;server=akswtt00400000b;cloudType=Consumer;environment=Prod_germanywestcentral_prod-s01-010-eur-germanywestcentral;migrationStage=NotStarted}
{"logTime": "0816/220324", "correlationVector":"miyegCjAdoXakGAfX0jVIQ","action":"Normal GetUpdate request", "result":"", "context":cV=miyegCjAdoXakGAfX0jVIQ
Nudged types: Passwords
Notified types: Passwords}
{"logTime": "0816/220324", "correlationVector":"miyegCjAdoXakGAfX0jVIQ.1","action":"SyncServerConnectionManagerRequest", "result":"SYNC_SERVER_OK", "context":{"environment":"Prod_germanywestcentral_prod-s01-010-eur-germanywestcentral", "migrationStage":"NotStarted", "server":"akswtt00400007t"}}
{"logTime": "0816/220324", "correlationVector":"miyegCjAdoXakGAfX0jVIQ.2","action":"ProcessGetUpdates", "result":"Done", "context":{"dataType":"Passwords", "deleted":"0", "process_failed_to_decrypt":"0", "process_pending_decryption":"0", "process_success":"2", "total":"2"}}
{"logTime": "0816/220324", "correlationVector":"miyegCjAdoXakGAfX0jVIQ.3","action":"GetUpdates Response", "result":"Success", "context":Received 2 update(s). cV=miyegCjAdoXakGAfX0jVIQ.0;server=akswtt00400007t;cloudType=Consumer;environment=Prod_germanywestcentral_prod-s01-010-eur-germanywestcentral;migrationStage=NotStarted}
{"logTime": "0816/220324", "correlationVector":"HrOQaoN2nCMAlY1YXoUHlV","action":"Commit Request", "result":"", "context":Item count: 1
Contributing types: Passwords}
{"logTime": "0816/220324", "correlationVector":"HrOQaoN2nCMAlY1YXoUHlV.1","action":"SyncServerConnectionManagerRequest", "result":"SYNC_SERVER_OK", "context":{"environment":"Prod_germanywestcentral_prod-s01-010-eur-germanywestcentral", "migrationStage":"NotStarted", "server":"akswtt004000005"}}
{"logTime": "0816/220324", "correlationVector":"HrOQaoN2nCMAlY1YXoUHlV.2","action":"Commit Response", "result":"Success", "context":Result: Success. cV=HrOQaoN2nCMAlY1YXoUHlV.0;server=akswtt004000005;cloudType=Consumer;environment=Prod_germanywestcentral_prod-s01-010-eur-germanywestcentral;migrationStage=NotStarted}
{"logTime": "0817/060324", "correlationVector":"6l758MxLaaGJ7W0WvDeIIl","action":"Poll GetUpdate request", "result":"", "context":cV=6l758MxLaaGJ7W0WvDeIIl}
{"logTime": "0817/060324", "correlationVector":"6l758MxLaaGJ7W0WvDeIIl.1","action":"SyncServerConnectionManagerRequest", "result":"SYNC_AUTH_ERROR", "context":{"environment":"Prod_germanywestcentral_prod-s01-010-eur-germanywestcentral", "migrationStage":"NotStarted", "server":"akswtt004000009"}}
{"logTime": "0817/060324", "correlationVector":"6l758MxLaaGJ7W0WvDeIIl.2","action":"GetUpdates Response", "result":"HTTP error (401)", "context":Received error: HTTP error (401). cV=6l758MxLaaGJ7W0WvDeIIl.0;server=akswtt004000009;cloudType=Undetermined;environment=Prod_germanywestcentral_prod-s01-010-eur-germanywestcentral;migrationStage=NotStarted}
{"logTime": "0817/060325", "correlationVector":"yVoHvXlMyDaqBhHyEFxIjw","action":"Poll GetUpdate request", "result":"", "context":cV=yVoHvXlMyDaqBhHyEFxIjw}
{"logTime": "0817/060325", "correlationVector":"yVoHvXlMyDaqBhHyEFxIjw.1","action":"SyncServerConnectionManagerRequest", "result":"SYNC_SERVER_OK", "context":{"environment":"Prod_germanywestcentral_prod-s01-010-eur-germanywestcentral", "migrationStage":"NotStarted", "server":"akswtt004000089"}}
{"logTime": "0817/060325", "correlationVector":"yVoHvXlMyDaqBhHyEFxIjw.2","action":"ProcessGetUpdates", "result":"Done", "context":{"dataType":"Passwords", "deleted":"0", "process_failed_to_decrypt":"0", "process_pending_decryption":"0", "process_success":"1", "total":"1"}}
{"logTime": "0817/060325", "correlationVector":"yVoHvXlMyDaqBhHyEFxIjw.3","action":"GetUpdates Response", "result":"Success", "context":Received 1 update(s). cV=yVoHvXlMyDaqBhHyEFxIjw.0;server=akswtt004000089;cloudType=Consumer;environment=Prod_germanywestcentral_prod-s01-010-eur-germanywestcentral;migrationStage=NotStarted}
{"logTime": "0817/140248", "correlationVector":"D9szjx0dToCVbZgiXtANXh","action":"Commit Request", "result":"", "context":Item count: 1
Contributing types: Preferences}
{"logTime": "0817/140249", "correlationVector":"D9szjx0dToCVbZgiXtANXh.1","action":"SyncServerConnectionManagerRequest", "result":"SYNC_SERVER_OK", "context":{"environment":"Prod_westeurope_prod-s01-079-eur-westeurope", "migrationStage":"NotStarted", "server":"akswtt00400001a"}}
{"logTime": "0817/140249", "correlationVector":"D9szjx0dToCVbZgiXtANXh.2","action":"Commit Response", "result":"Success", "context":Result: Success. cV=D9szjx0dToCVbZgiXtANXh.0;server=akswtt00400001a;cloudType=Consumer;environment=Prod_westeurope_prod-s01-079-eur-westeurope;migrationStage=NotStarted}
{"logTime": "0817/140249", "correlationVector":"D9szjx0dToCVbZgiXtANXh.3","action":"Commit.Preferences", "result":"Conflict", "context":{"id":"15665446-c42f-4d17-b74f-76de73b645b5", "isDeleted":"false", "size":"53", "version":"1782208959734"}}
{"logTime": "0817/140250", "correlationVector":"vOucRPrfyPcVLXWBdm41S+","action":"Normal GetUpdate request", "result":"", "context":cV=vOucRPrfyPcVLXWBdm41S+
Nudged types: Preferences}
{"logTime": "0817/140250", "correlationVector":"vOucRPrfyPcVLXWBdm41S+.1","action":"SyncServerConnectionManagerRequest", "result":"SYNC_SERVER_OK", "context":{"environment":"Prod_germanywestcentral_prod-s01-011-eur-germanywestcentral", "migrationStage":"NotStarted", "server":"akswtt103000003"}}
{"logTime": "0817/140250", "correlationVector":"vOucRPrfyPcVLXWBdm41S+.2","action":"ProcessGetUpdates", "result":"Done", "context":{"dataType":"Preferences", "deleted":"0", "process_failed_to_decrypt":"0", "process_pending_decryption":"0", "process_success":"1", "total":"1"}}
{"logTime": "0817/140250", "correlationVector":"vOucRPrfyPcVLXWBdm41S+.3","action":"GetUpdates Response", "result":"Success", "context":Received 1 update(s). cV=vOucRPrfyPcVLXWBdm41S+.0;server=akswtt103000003;cloudType=Consumer;environment=Prod_germanywestcentral_prod-s01-011-eur-germanywestcentral;migrationStage=NotStarted}
{"logTime": "0817/140311", "correlationVector":"2C0WTMWnuNHU/hV628eUrw","action":"Normal GetUpdate request", "result":"", "context":cV=2C0WTMWnuNHU/hV628eUrw
Notified types: Preferences}
{"logTime": "0817/140311", "correlationVector":"2C0WTMWnuNHU/hV628eUrw.1","action":"SyncServerConnectionManagerRequest", "result":"SYNC_SERVER_OK", "context":{"environment":"Prod_germanywestcentral_prod-s01-011-eur-germanywestcentral", "migrationStage":"NotStarted", "server":"akswtt103000003"}}
{"logTime": "0817/140311", "correlationVector":"2C0WTMWnuNHU/hV628eUrw.2","action":"GetUpdates Response", "result":"Success", "context":Received 0 update(s). cV=2C0WTMWnuNHU/hV628eUrw.0;server=akswtt103000003;cloudType=Consumer;environment=Prod_germanywestcentral_prod-s01-011-eur-germanywestcentral;migrationStage=NotStarted}
{"logTime": "0817/140323", "correlationVector":"l8TBVFUQ7sJytgpNQWFmr7","action":"Commit Request", "result":"", "context":Item count: 1
Contributing types: Device Info}
{"logTime": "0817/140323", "correlationVector":"l8TBVFUQ7sJytgpNQWFmr7.1","action":"SyncServerConnectionManagerRequest", "result":"SYNC_SERVER_OK", "context":{"environment":"Prod_westeurope_prod-s01-079-eur-westeurope", "migrationStage":"NotStarted", "server":"akswtt004000013"}}
{"logTime": "0817/140323", "correlationVector":"l8TBVFUQ7sJytgpNQWFmr7.2","action":"Commit Response", "result":"Success", "context":Result: Success. cV=l8TBVFUQ7sJytgpNQWFmr7.0;server=akswtt004000013;cloudType=Consumer;environment=Prod_westeurope_prod-s01-079-eur-westeurope;migrationStage=NotStarted}
{"logTime": "0817/140324", "correlationVector":"UPXVx/2d2UyXBumv+KBvhl","action":"Normal GetUpdate request", "result":"", "context":cV=UPXVx/2d2UyXBumv+KBvhl
Notified types: Device Info}
{"logTime": "0817/140324", "correlationVector":"UPXVx/2d2UyXBumv+KBvhl.1","action":"SyncServerConnectionManagerRequest", "result":"SYNC_SERVER_OK", "context":{"environment":"Prod_westeurope_prod-s01-079-eur-westeurope", "migrationStage":"NotStarted", "server":"akswtt00400001k"}}
{"logTime": "0817/140324", "correlationVector":"UPXVx/2d2UyXBumv+KBvhl.2","action":"ProcessGetUpdates", "result":"Done", "context":{"dataType":"Device Info", "deleted":"0", "process_failed_to_decrypt":"0", "process_pending_decryption":"0", "process_success":"2", "total":"2"}}
{"logTime": "0817/140324", "correlationVector":"UPXVx/2d2UyXBumv+KBvhl.3","action":"GetUpdates Response", "result":"Success", "context":Received 2 update(s). cV=UPXVx/2d2UyXBumv+KBvhl.0;server=akswtt00400001k;cloudType=Consumer;environment=Prod_westeurope_prod-s01-079-eur-westeurope;migrationStage=NotStarted}
{"logTime": "0817/140324", "correlationVector":"HghQbe84Th51ITxX0bivmC","action":"DoCompareDataConsistency requsted types: ", "result":"Bookmarks, Preferences, Passwords, Extensions, Extension settings, History Delete Directives, Send Tab To Self, Web Apps, History, Saved Tab Group, WebAuthn Credentials, Edge E Drop, Edge Workspace, Encryption Keys"}
{"logTime": "0817/140324", "correlationVector":"HghQbe84Th51ITxX0bivmC.0","action":"CompareDataConsistency result: ", "result":"Compare result: Encryption Keys is consistent. local entities count is: 1 local entities hash is: M/pbH2N2vfUaiQlD6pUp9D8PA6I="}
{"logTime": "0817/140325", "correlationVector":"HghQbe84Th51ITxX0bivmC.1","action":"CompareDataConsistency result: ", "result":"Compare result: Bookmarks is consistent. local entities count is: 10 local entities hash is: lLJnBCl9u1JrVtJ5BeNVuE9PEuQ="}
{"logTime": "0817/140325", "correlationVector":"HghQbe84Th51ITxX0bivmC.2","action":"CompareDataConsistency result: ", "result":"Compare result: Preferences is consistent. local entities count is: 52 local entities hash is: HoN8ZAfvLwWIYkLM+eYGsW8Yj2I="}
{"logTime": "0817/140325", "correlationVector":"HghQbe84Th51ITxX0bivmC.3","action":"CompareDataConsistency result: ", "result":"Compare result: Extensions is consistent. local entities count is: 0 local entities hash is: "}
{"logTime": "0817/140325", "correlationVector":"HghQbe84Th51ITxX0bivmC.4","action":"CompareDataConsistency result: ", "result":"Compare result: Extension settings is consistent. local entities count is: 0 local entities hash is: "}
{"logTime": "0817/140325", "correlationVector":"HghQbe84Th51ITxX0bivmC.5","action":"CompareDataConsistency result: ", "result":"Compare result: History Delete Directives is consistent. local entities count is: 0 local entities hash is: "}
{"logTime": "0817/140325", "correlationVector":"HghQbe84Th51ITxX0bivmC.6","action":"CompareDataConsistency result: ", "result":"Server did not send this Send Tab To Self local entities count is: 0 local entities hash is: "}
{"logTime": "0817/140325", "correlationVector":"HghQbe84Th51ITxX0bivmC.7","action":"CompareDataConsistency result: ", "result":"Compare result: Web Apps is consistent. local entities count is: 0 local entities hash is: "}
{"logTime": "0817/140325", "correlationVector":"HghQbe84Th51ITxX0bivmC.8","action":"CompareDataConsistency result: ", "result":"Server did not send this History local entities count is: 0 local entities hash is: "}
{"logTime": "0817/140325", "correlationVector":"HghQbe84Th51ITxX0bivmC.9","action":"CompareDataConsistency result: ", "result":"Compare result: Saved Tab Group is consistent. local entities count is: 0 local entities hash is: "}
{"logTime": "0817/140325", "correlationVector":"HghQbe84Th51ITxX0bivmC.10","action":"CompareDataConsistency result: ", "result":"Server did not send this WebAuthn Credentials local entities count is: 0 local entities hash is: "}
{"logTime": "0817/140325", "correlationVector":"HghQbe84Th51ITxX0bivmC.11","action":"CompareDataConsistency result: ", "result":"Compare result: Edge E Drop is consistent. local entities count is: 0 local entities hash is: "}
{"logTime": "0817/140325", "correlationVector":"HghQbe84Th51ITxX0bivmC.12","action":"CompareDataConsistency result: ", "result":"Server did not send this Edge Workspace local entities count is: 0 local entities hash is: "}
{"logTime": "0817/140325", "correlationVector":"HghQbe84Th51ITxX0bivmC.13","action":"CompareDataConsistency result: ", "result":"Compare result: Passwords is consistent. local entities count is: 6 local entities hash is: LGuv1MmqIo2IWEWTQAiJ2qG6t/I="}
{"logTime": "0817/140325", "correlationVector":"HghQbe84Th51ITxX0bivmC.14","action":"SyncServerConnectionManagerRequest", "result":"SYNC_SERVER_ERROR", "context":{"environment":"", "error_type":"http_status_code", "error_value":"400", "migrationStage":"", "server":""}}
{"logTime": "0817/140325", "correlationVector":"","action":"DIAGNOSTIC_REQUEST|v1/diagnosticData/Diagnostic.SendCheckResult()|SUCCESS", "result":""}
{"logTime": "0817/140325", "correlationVector":"RlsnlTFH35ZpVr3RgQVfXk","action":"Poll GetUpdate request", "result":"", "context":cV=RlsnlTFH35ZpVr3RgQVfXk}
{"logTime": "0817/140325", "correlationVector":"RlsnlTFH35ZpVr3RgQVfXk.1","action":"SyncServerConnectionManagerRequest", "result":"SYNC_SERVER_OK", "context":{"environment":"Prod_francecentral_prod-s01-062-eur-francecentral", "migrationStage":"NotStarted", "server":"akswtt117000016"}}
{"logTime": "0817/140325", "correlationVector":"RlsnlTFH35ZpVr3RgQVfXk.2","action":"GetUpdates Response", "result":"Success", "context":Received 0 update(s). cV=RlsnlTFH35ZpVr3RgQVfXk.0;server=akswtt117000016;cloudType=Consumer;environment=Prod_francecentral_prod-s01-062-eur-francecentral;migrationStage=NotStarted}
{"logTime": "0817/140325", "correlationVector":"xTr5+MHxeazvjhKK76J4MS","action":"DoCompareDataConsistency requsted types: ", "result":"Bookmarks, Preferences, Passwords, Extensions, Extension settings, History Delete Directives, Send Tab To Self, Web Apps, History, Saved Tab Group, WebAuthn Credentials, Edge E Drop, Edge Workspace, Encryption Keys"}
{"logTime": "0817/140325", "correlationVector":"xTr5+MHxeazvjhKK76J4MS.0","action":"CompareDataConsistency result: ", "result":"Compare result: Encryption Keys is consistent. local entities count is: 1 local entities hash is: M/pbH2N2vfUaiQlD6pUp9D8PA6I="}
{"logTime": "0817/140325", "correlationVector":"xTr5+MHxeazvjhKK76J4MS.1","action":"CompareDataConsistency result: ", "result":"Compare result: Bookmarks is consistent. local entities count is: 10 local entities hash is: lLJnBCl9u1JrVtJ5BeNVuE9PEuQ="}
{"logTime": "0817/140325", "correlationVector":"xTr5+MHxeazvjhKK76J4MS.2","action":"CompareDataConsistency result: ", "result":"Compare result: Preferences is consistent. local entities count is: 52 local entities hash is: HoN8ZAfvLwWIYkLM+eYGsW8Yj2I="}
{"logTime": "0817/140325", "correlationVector":"xTr5+MHxeazvjhKK76J4MS.3","action":"CompareDataConsistency result: ", "result":"Compare result: Extensions is consistent. local entities count is: 0 local entities hash is: "}
{"logTime": "0817/140325", "correlationVector":"xTr5+MHxeazvjhKK76J4MS.4","action":"CompareDataConsistency result: ", "result":"Compare result: Extension settings is consistent. local entities count is: 0 local entities hash is: "}
{"logTime": "0817/140325", "correlationVector":"xTr5+MHxeazvjhKK76J4MS.5","action":"CompareDataConsistency result: ", "result":"Compare result: History Delete Directives is consistent. local entities count is: 0 local entities hash is: "}
{"logTime": "0817/140325", "correlationVector":"xTr5+MHxeazvjhKK76J4MS.6","action":"CompareDataConsistency result: ", "result":"Server did not send this Send Tab To Self local entities count is: 0 local entities hash is: "}
{"logTime": "0817/140325", "correlationVector":"xTr5+MHxeazvjhKK76J4MS.7","action":"CompareDataConsistency result: ", "result":"Compare result: Web Apps is consistent. local entities count is: 0 local entities hash is: "}
{"logTime": "0817/140325", "correlationVector":"xTr5+MHxeazvjhKK76J4MS.8","action":"CompareDataConsistency result: ", "result":"Server did not send this History local entities count is: 0 local entities hash is: "}
{"logTime": "0817/140325", "correlationVector":"xTr5+MHxeazvjhKK76J4MS.9","action":"CompareDataConsistency result: ", "result":"Compare result: Saved Tab Group is consistent. local entities count is: 0 local entities hash is: "}
{"logTime": "0817/140325", "correlationVector":"xTr5+MHxeazvjhKK76J4MS.10","action":"CompareDataConsistency result: ", "result":"Server did not send this WebAuthn Credentials local entities count is: 0 local entities hash is: "}
{"logTime": "0817/140325", "correlationVector":"xTr5+MHxeazvjhKK76J4MS.11","action":"CompareDataConsistency result: ", "result":"Compare result: Edge E Drop is consistent. local entities count is: 0 local entities hash is: "}
{"logTime": "0817/140325", "correlationVector":"xTr5+MHxeazvjhKK76J4MS.12","action":"CompareDataConsistency result: ", "result":"Server did not send this Edge Workspace local entities count is: 0 local entities hash is: "}
{"logTime": "0817/140325", "correlationVector":"xTr5+MHxeazvjhKK76J4MS.13","action":"CompareDataConsistency result: ", "result":"Compare result: Passwords is consistent. local entities count is: 6 local entities hash is: LGuv1MmqIo2IWEWTQAiJ2qG6t/I="}
{"logTime": "0817/140325", "correlationVector":"","action":"DIAGNOSTIC_REQUEST|v1/diagnosticData/Diagnostic.SendCheckResult()|SUCCESS", "result":""}
{"logTime": "0817/140540", "correlationVector":"DrPMu1bnbMLWbhW1PGRi2s","action":"Commit Request", "result":"", "context":Item count: 1
Contributing types: Device Info}
{"logTime": "0817/140541", "correlationVector":"DrPMu1bnbMLWbhW1PGRi2s.1","action":"SyncServerConnectionManagerRequest", "result":"SYNC_SERVER_OK", "context":{"environment":"Prod_germanywestcentral_prod-s01-010-eur-germanywestcentral", "migrationStage":"NotStarted", "server":"akswtt004000074"}}
{"logTime": "0817/140541", "correlationVector":"DrPMu1bnbMLWbhW1PGRi2s.2","action":"Commit Response", "result":"Success", "context":Result: Success. cV=DrPMu1bnbMLWbhW1PGRi2s.0;server=akswtt004000074;cloudType=Consumer;environment=Prod_germanywestcentral_prod-s01-010-eur-germanywestcentral;migrationStage=NotStarted}
{"logTime": "0817/140545", "correlationVector":"WHvdYS5YaCZFxyRjShAacU","action":"Normal GetUpdate request", "result":"", "context":cV=WHvdYS5YaCZFxyRjShAacU
Notified types: Device Info}
{"logTime": "0817/140545", "correlationVector":"WHvdYS5YaCZFxyRjShAacU.1","action":"SyncServerConnectionManagerRequest", "result":"SYNC_SERVER_OK", "context":{"environment":"Prod_germanywestcentral_prod-s01-010-eur-germanywestcentral", "migrationStage":"NotStarted", "server":"akswtt00400000o"}}
{"logTime": "0817/140545", "correlationVector":"WHvdYS5YaCZFxyRjShAacU.2","action":"ProcessGetUpdates", "result":"Done", "context":{"dataType":"Device Info", "deleted":"0", "process_failed_to_decrypt":"0", "process_pending_decryption":"0", "process_success":"2", "total":"2"}}
{"logTime": "0817/140545", "correlationVector":"WHvdYS5YaCZFxyRjShAacU.3","action":"GetUpdates Response", "result":"Success", "context":Received 2 update(s). cV=WHvdYS5YaCZFxyRjShAacU.0;server=akswtt00400000o;cloudType=Consumer;environment=Prod_germanywestcentral_prod-s01-010-eur-germanywestcentral;migrationStage=NotStarted}
{"logTime": "0817/140546", "correlationVector":"lsLwUX3e8UkKO/hWiCMxfM","action":"SyncServerConnectionManagerRequest", "result":"SYNC_SERVER_OK", "context":{"environment":"", "migrationStage":"", "server":""}}
{"logTime": "0817/140546", "correlationVector":"lsLwUX3e8UkKO/hWiCMxfM.0","action":"EncryptionKeysFetcher.DownloadKeys:", "result":"Success", "context":Key count: 10, Last key timestamp: 2026-05-05T11:38:52Z}
{"logTime": "0817/140546", "correlationVector":"lsLwUX3e8UkKO/hWiCMxfM.1","action":"EncryptionKeysManager::SetEncryptionKeys:", "result":"Success", "context":Key names[10]:[YeZ3fzitxQagdB4GOA/eTUFad/FaompdKmCC4/bT0ig/zMu/MC3qKzEtXlNBOKbR4WFtqOzd+avfE5kVc9rJiw==][1bWTuaw16eiLXbHEhDggU0XtnrEmZFAKG8Um6vX7TgIkO01anuvi2P0pIE/oJUwD825x7idC2EDUbq86O6DLAw==][Mk8YujUsvKl8Fi0Tgnuz5/Rc67w7USCBYqctjwNVHOXHJNihAcqis8NKlJ4pfq4oQpM7hkbqwEereflhOICiVQ==][Oudt5HtfT/3pKsjmIPpKzI8xSbTR5fv/OvqFJuUYBn+bORUMFo8CM82baHt1hwU9UpqM3ec60HpU0RFkeYngkA==][IPvIcUXTBxfmC/Vd5IbI8hqz8jTpb8dvFxjR5Vmhqbx9sPixY1XNVv4YtBpctQFG2Dzlp1m58cGUG4XCBINIlw==][+gO+4mI7e7YeSdB50Ls8Rkg3pJzcODnb30LqR9FNxoW8MxdrrIa1ikSAwBD8tZ8KUUoHnu9qsYKCIuvvwtg8KQ==][m/5Vd/JX9Lwy05CIaG5nxrn/Fj5n8ktuwdChf6sy4LKpEFHxiETwwHgD0uVzutGO5io+4t7n8a9ZiUSqx8MSPw==][Zmmydih24Cijf4KdodeodL6fKrSPeAFj2MZ0OAHxbPHkLhyfynWCzsfUYr8d56cxM1WFxzatPVbuLhHUipR9ig==][qzek1Nn4ugx84K5dCpsKFx8bEdXWxNmxcgXX/xnKNreBiAzoNcudSAZWspaYYWPyEL5XP5ljD039HlYBSubARg==][t3nsDBIWP+yXW0FtLSDdjcI3IIB8sT4INPi70iFH+dK1LhUml960YlAe/qY/muUpS/cJL9w1iRMEm/xuoShp7A==]}
{"logTime": "0817/140546", "correlationVector":"lsLwUX3e8UkKO/hWiCMxfM.2","action":"EncryptionKeysManager::SetEncryptionKeysWithTimestamps:", "result":"Success", "context":Key timestamps[10]:[2021-07-15T14:11:10Z][2022-02-03T21:01:13Z][2022-09-14T06:16:50Z][2023-03-26T07:44:52Z][2023-09-23T08:06:34Z][2024-04-06T06:37:35Z][2024-04-24T14:01:12Z][2025-01-29T17:09:46Z][2025-08-02T10:55:32Z][2026-05-05T11:38:52Z]}
{"logTime": "0817/220327", "correlationVector":"3apq+EhGRxYUdpRFh2Bzcu","action":"Poll GetUpdate request", "result":"", "context":cV=3apq+EhGRxYUdpRFh2Bzcu}
{"logTime": "0817/220327", "correlationVector":"3apq+EhGRxYUdpRFh2Bzcu.1","action":"SyncServerConnectionManagerRequest", "result":"SYNC_SERVER_OK", "context":{"environment":"Prod_germanywestcentral_prod-s01-010-eur-germanywestcentral", "migrationStage":"NotStarted", "server":"akswtt004000038"}}
{"logTime": "0817/220327", "correlationVector":"3apq+EhGRxYUdpRFh2Bzcu.2","action":"GetUpdates Response", "result":"Success", "context":Received 0 update(s). cV=3apq+EhGRxYUdpRFh2Bzcu.0;server=akswtt004000038;cloudType=Consumer;environment=Prod_germanywestcentral_prod-s01-010-eur-germanywestcentral;migrationStage=NotStarted}
{"logTime": "0818/060327", "correlationVector":"+0R6DhgeVQwV20wUK8RZAr","action":"Poll GetUpdate request", "result":"", "context":cV=+0R6DhgeVQwV20wUK8RZAr}
{"logTime": "0818/060327", "correlationVector":"+0R6DhgeVQwV20wUK8RZAr.1","action":"SyncServerConnectionManagerRequest", "result":"SYNC_AUTH_ERROR", "context":{"environment":"Prod_germanywestcentral_prod-s01-010-eur-germanywestcentral", "migrationStage":"NotStarted", "server":"akswtt00400000q"}}
{"logTime": "0818/060327", "correlationVector":"+0R6DhgeVQwV20wUK8RZAr.2","action":"GetUpdates Response", "result":"HTTP error (401)", "context":Received error: HTTP error (401). cV=+0R6DhgeVQwV20wUK8RZAr.0;server=akswtt00400000q;cloudType=Undetermined;environment=Prod_germanywestcentral_prod-s01-010-eur-germanywestcentral;migrationStage=NotStarted}
{"logTime": "0818/060328", "correlationVector":"OsuxtubqIAuL5A1+f0bmZu","action":"Poll GetUpdate request", "result":"", "context":cV=OsuxtubqIAuL5A1+f0bmZu}
{"logTime": "0818/060328", "correlationVector":"OsuxtubqIAuL5A1+f0bmZu.1","action":"SyncServerConnectionManagerRequest", "result":"SYNC_SERVER_OK", "context":{"environment":"Prod_germanywestcentral_prod-s01-011-eur-germanywestcentral", "migrationStage":"NotStarted", "server":"akswtt10300001a"}}
{"logTime": "0818/060328", "correlationVector":"OsuxtubqIAuL5A1+f0bmZu.2","action":"GetUpdates Response", "result":"Success", "context":Received 0 update(s). cV=OsuxtubqIAuL5A1+f0bmZu.0;server=akswtt10300001a;cloudType=Consumer;environment=Prod_germanywestcentral_prod-s01-011-eur-germanywestcentral;migrationStage=NotStarted}
