{"logTime": "0818/152246", "correlationVector":"I4Wn//cm2o/vsJad3kRqXm.1","action":"SyncServerConnectionManagerRequest", "result":"SYNC_SERVER_OK", "context":{"environment":"Prod_germanywestcentral_prod-s01-010-eur-germanywestcentral", "migrationStage":"NotStarted", "server":"akswtt004000006"}}
{"logTime": "0818/152246", "correlationVector":"I4Wn//cm2o/vsJad3kRqXm.2","action":"ProcessGetUpdates", "result":"Done", "context":{"dataType":"Encryption Keys", "deleted":"0", "process_failed_to_decrypt":"0", "process_pending_decryption":"0", "process_success":"1", "total":"1"}}
{"logTime": "0818/152247", "correlationVector":"XW+Atsga5OD8bq6lVXqK+u","action":"SyncServerConnectionManagerRequest", "result":"SYNC_SERVER_OK", "context":{"environment":"", "migrationStage":"", "server":""}}
{"logTime": "0818/152247", "correlationVector":"XW+Atsga5OD8bq6lVXqK+u.0","action":"EncryptionKeysFetcher.DownloadKeys:", "result":"Success", "context":Key count: 10, Last key timestamp: 2026-05-05T11:38:52Z}
{"logTime": "0818/152247", "correlationVector":"XW+Atsga5OD8bq6lVXqK+u.1","action":"EncryptionKeysManager::SetEncryptionKeys:", "result":"Success", "context":Key names[10]:[YeZ3fzitxQagdB4GOA/eTUFad/FaompdKmCC4/bT0ig/zMu/MC3qKzEtXlNBOKbR4WFtqOzd+avfE5kVc9rJiw==][1bWTuaw16eiLXbHEhDggU0XtnrEmZFAKG8Um6vX7TgIkO01anuvi2P0pIE/oJUwD825x7idC2EDUbq86O6DLAw==][Mk8YujUsvKl8Fi0Tgnuz5/Rc67w7USCBYqctjwNVHOXHJNihAcqis8NKlJ4pfq4oQpM7hkbqwEereflhOICiVQ==][Oudt5HtfT/3pKsjmIPpKzI8xSbTR5fv/OvqFJuUYBn+bORUMFo8CM82baHt1hwU9UpqM3ec60HpU0RFkeYngkA==][IPvIcUXTBxfmC/Vd5IbI8hqz8jTpb8dvFxjR5Vmhqbx9sPixY1XNVv4YtBpctQFG2Dzlp1m58cGUG4XCBINIlw==][+gO+4mI7e7YeSdB50Ls8Rkg3pJzcODnb30LqR9FNxoW8MxdrrIa1ikSAwBD8tZ8KUUoHnu9qsYKCIuvvwtg8KQ==][m/5Vd/JX9Lwy05CIaG5nxrn/Fj5n8ktuwdChf6sy4LKpEFHxiETwwHgD0uVzutGO5io+4t7n8a9ZiUSqx8MSPw==][Zmmydih24Cijf4KdodeodL6fKrSPeAFj2MZ0OAHxbPHkLhyfynWCzsfUYr8d56cxM1WFxzatPVbuLhHUipR9ig==][qzek1Nn4ugx84K5dCpsKFx8bEdXWxNmxcgXX/xnKNreBiAzoNcudSAZWspaYYWPyEL5XP5ljD039HlYBSubARg==][t3nsDBIWP+yXW0FtLSDdjcI3IIB8sT4INPi70iFH+dK1LhUml960YlAe/qY/muUpS/cJL9w1iRMEm/xuoShp7A==]}
{"logTime": "0818/152247", "correlationVector":"XW+Atsga5OD8bq6lVXqK+u.2","action":"EncryptionKeysManager::SetEncryptionKeysWithTimestamps:", "result":"Success", "context":Key timestamps[10]:[2021-07-15T14:11:10Z][2022-02-03T21:01:13Z][2022-09-14T06:16:50Z][2023-03-26T07:44:52Z][2023-09-23T08:06:34Z][2024-04-06T06:37:35Z][2024-04-24T14:01:12Z][2025-01-29T17:09:46Z][2025-08-02T10:55:32Z][2026-05-05T11:38:52Z]}
{"logTime": "0818/152247", "correlationVector":"I4Wn//cm2o/vsJad3kRqXm","action":"Initial GetUpdates", "result":"", "context":Reason: NEW_CLIENT. cV=I4Wn//cm2o/vsJad3kRqXm}
{"logTime": "0818/152247", "correlationVector":"I4Wn//cm2o/vsJad3kRqXm.3","action":"GetUpdates Response", "result":"Success", "context":Received 1 update(s). cV=I4Wn//cm2o/vsJad3kRqXm.0;server=akswtt004000006;cloudType=Consumer;environment=Prod_germanywestcentral_prod-s01-010-eur-germanywestcentral;migrationStage=NotStarted}
{"logTime": "0818/152247", "correlationVector":"608j8KJQ2MG0UltALdtLAh","action":"Initial GetUpdates", "result":"", "context":Reason: NEWLY_SUPPORTED_DATATYPE. cV=608j8KJQ2MG0UltALdtLAh}
{"logTime": "0818/152247", "correlationVector":"608j8KJQ2MG0UltALdtLAh.1","action":"SyncServerConnectionManagerRequest", "result":"SYNC_SERVER_OK", "context":{"environment":"Prod_germanywestcentral_prod-s01-010-eur-germanywestcentral", "migrationStage":"NotStarted", "server":"akswtt004000019"}}
{"logTime": "0818/152247", "correlationVector":"608j8KJQ2MG0UltALdtLAh.2","action":"ProcessGetUpdates", "result":"Done", "context":{"dataType":"Passwords", "deleted":"0", "process_failed_to_decrypt":"0", "process_pending_decryption":"0", "process_success":"6", "total":"6"}}
{"logTime": "0818/152247", "correlationVector":"608j8KJQ2MG0UltALdtLAh.3","action":"ProcessGetUpdates", "result":"Done", "context":{"dataType":"Device Info", "deleted":"0", "process_failed_to_decrypt":"0", "process_pending_decryption":"0", "process_success":"4", "total":"4"}}
{"logTime": "0818/152247", "correlationVector":"608j8KJQ2MG0UltALdtLAh.4","action":"GetUpdates Response", "result":"Success", "context":Received 10 update(s). cV=608j8KJQ2MG0UltALdtLAh.0;server=akswtt004000019;cloudType=Consumer;environment=Prod_germanywestcentral_prod-s01-010-eur-germanywestcentral;migrationStage=NotStarted}
{"logTime": "0818/152247", "correlationVector":"AP1mjKK7qH4VSd880aflVa","action":"Initial GetUpdates", "result":"", "context":Reason: NEWLY_SUPPORTED_DATATYPE. cV=AP1mjKK7qH4VSd880aflVa}
{"logTime": "0818/152247", "correlationVector":"AP1mjKK7qH4VSd880aflVa.1","action":"SyncServerConnectionManagerRequest", "result":"SYNC_SERVER_OK", "context":{"environment":"Prod_germanywestcentral_prod-s01-010-eur-germanywestcentral", "migrationStage":"NotStarted", "server":"akswtt004000009"}}
{"logTime": "0818/152247", "correlationVector":"AP1mjKK7qH4VSd880aflVa.2","action":"ProcessGetUpdates", "result":"Done", "context":{"dataType":"Bookmarks", "deleted":"0", "process_failed_to_decrypt":"0", "process_pending_decryption":"0", "process_success":"16", "total":"16"}}
{"logTime": "0818/152247", "correlationVector":"AP1mjKK7qH4VSd880aflVa.3","action":"ProcessGetUpdates", "result":"Done", "context":{"dataType":"Preferences", "deleted":"0", "process_failed_to_decrypt":"0", "process_pending_decryption":"0", "process_success":"52", "total":"52"}}
{"logTime": "0818/152247", "correlationVector":"AP1mjKK7qH4VSd880aflVa.4","action":"ProcessGetUpdates", "result":"Done", "context":{"dataType":"Autofill Profiles", "deleted":"0", "process_failed_to_decrypt":"0", "process_pending_decryption":"0", "process_success":"1", "total":"1"}}
{"logTime": "0818/152247", "correlationVector":"AP1mjKK7qH4VSd880aflVa.5","action":"ProcessGetUpdates", "result":"Done", "context":{"dataType":"Autofill", "deleted":"0", "process_failed_to_decrypt":"0", "process_pending_decryption":"0", "process_success":"6", "total":"6"}}
{"logTime": "0818/152247", "correlationVector":"AP1mjKK7qH4VSd880aflVa.6","action":"ProcessGetUpdates", "result":"Done", "context":{"dataType":"Sessions", "deleted":"5", "process_failed_to_decrypt":"0", "process_pending_decryption":"0", "process_success":"9", "total":"9"}}
{"logTime": "0818/152247", "correlationVector":"AP1mjKK7qH4VSd880aflVa.7","action":"GetUpdates Response", "result":"Success", "context":Received 84 update(s). cV=AP1mjKK7qH4VSd880aflVa.0;server=akswtt004000009;cloudType=Consumer;environment=Prod_germanywestcentral_prod-s01-010-eur-germanywestcentral;migrationStage=NotStarted}
{"logTime": "0818/152247", "correlationVector":"H4tk5rf1Bs58EEyq9TNBkW","action":"Initial GetUpdates", "result":"", "context":Reason: NEWLY_SUPPORTED_DATATYPE. cV=H4tk5rf1Bs58EEyq9TNBkW}
{"logTime": "0818/152247", "correlationVector":"H4tk5rf1Bs58EEyq9TNBkW.1","action":"SyncServerConnectionManagerRequest", "result":"SYNC_SERVER_OK", "context":{"environment":"Prod_germanywestcentral_prod-s01-010-eur-germanywestcentral", "migrationStage":"NotStarted", "server":"akswtt004000000"}}
{"logTime": "0818/152247", "correlationVector":"H4tk5rf1Bs58EEyq9TNBkW.2","action":"GetUpdates Response", "result":"Success", "context":Received 0 update(s). cV=H4tk5rf1Bs58EEyq9TNBkW.0;server=akswtt004000000;cloudType=Consumer;environment=Prod_germanywestcentral_prod-s01-010-eur-germanywestcentral;migrationStage=NotStarted}
{"logTime": "0818/152247", "correlationVector":"LL8ko4Y6o+1X9XoSvh4mJ7","action":"Normal GetUpdate request", "result":"", "context":cV=LL8ko4Y6o+1X9XoSvh4mJ7
Nudged types: Sessions, Device Info, User Consents
Refresh requested types: Bookmarks, Preferences, Passwords, Autofill Profiles, Autofill, Extensions, Sessions, Extension settings, History Delete Directives, Device Info, User Consents, Send Tab To Self, Web Apps, History, Saved Tab Group, WebAuthn Credentials, Edge E Drop, Edge Hub App Usage, Edge Workspace, Encryption Keys}
{"logTime": "0818/152248", "correlationVector":"LL8ko4Y6o+1X9XoSvh4mJ7.1","action":"SyncServerConnectionManagerRequest", "result":"SYNC_SERVER_OK", "context":{"environment":"Prod_germanywestcentral_prod-s01-010-eur-germanywestcentral", "migrationStage":"NotStarted", "server":"akswtt004000043"}}
{"logTime": "0818/152248", "correlationVector":"LL8ko4Y6o+1X9XoSvh4mJ7.2","action":"GetUpdates Response", "result":"Success", "context":Received 0 update(s). cV=LL8ko4Y6o+1X9XoSvh4mJ7.0;server=akswtt004000043;cloudType=Consumer;environment=Prod_germanywestcentral_prod-s01-010-eur-germanywestcentral;migrationStage=NotStarted}
{"logTime": "0818/152248", "correlationVector":"54YnAsd4qSYi1+Ln1ohQSd","action":"DoCompareDataConsistency requsted types: ", "result":"Bookmarks, Preferences, Passwords, Extensions, Extension settings, History Delete Directives, Send Tab To Self, Web Apps, History, Saved Tab Group, WebAuthn Credentials, Edge E Drop, Edge Workspace, Encryption Keys"}
{"logTime": "0818/152248", "correlationVector":"54YnAsd4qSYi1+Ln1ohQSd.0","action":"CompareDataConsistency result: ", "result":"Compare result: Encryption Keys is consistent. local entities count is: 1 local entities hash is: M/pbH2N2vfUaiQlD6pUp9D8PA6I="}
{"logTime": "0818/152248", "correlationVector":"54YnAsd4qSYi1+Ln1ohQSd.1","action":"CompareDataConsistency result: ", "result":"Compare result: Bookmarks is consistent. local entities count is: 10 local entities hash is: lLJnBCl9u1JrVtJ5BeNVuE9PEuQ="}
{"logTime": "0818/152248", "correlationVector":"54YnAsd4qSYi1+Ln1ohQSd.2","action":"CompareDataConsistency result: ", "result":"Compare result: Preferences is consistent. local entities count is: 52 local entities hash is: HoN8ZAfvLwWIYkLM+eYGsW8Yj2I="}
{"logTime": "0818/152248", "correlationVector":"54YnAsd4qSYi1+Ln1ohQSd.3","action":"CompareDataConsistency result: ", "result":"Compare result: Extensions is consistent. local entities count is: 0 local entities hash is: "}
{"logTime": "0818/152248", "correlationVector":"54YnAsd4qSYi1+Ln1ohQSd.4","action":"CompareDataConsistency result: ", "result":"Compare result: Extension settings is consistent. local entities count is: 0 local entities hash is: "}
{"logTime": "0818/152248", "correlationVector":"54YnAsd4qSYi1+Ln1ohQSd.5","action":"CompareDataConsistency result: ", "result":"Compare result: History Delete Directives is consistent. local entities count is: 0 local entities hash is: "}
{"logTime": "0818/152248", "correlationVector":"54YnAsd4qSYi1+Ln1ohQSd.6","action":"CompareDataConsistency result: ", "result":"Server did not send this Send Tab To Self local entities count is: 0 local entities hash is: "}
{"logTime": "0818/152248", "correlationVector":"54YnAsd4qSYi1+Ln1ohQSd.7","action":"CompareDataConsistency result: ", "result":"Compare result: Web Apps is consistent. local entities count is: 0 local entities hash is: "}
{"logTime": "0818/152248", "correlationVector":"54YnAsd4qSYi1+Ln1ohQSd.8","action":"CompareDataConsistency result: ", "result":"Server did not send this History local entities count is: 0 local entities hash is: "}
{"logTime": "0818/152248", "correlationVector":"54YnAsd4qSYi1+Ln1ohQSd.9","action":"CompareDataConsistency result: ", "result":"Compare result: Saved Tab Group is consistent. local entities count is: 0 local entities hash is: "}
{"logTime": "0818/152248", "correlationVector":"54YnAsd4qSYi1+Ln1ohQSd.10","action":"CompareDataConsistency result: ", "result":"Server did not send this WebAuthn Credentials local entities count is: 0 local entities hash is: "}
{"logTime": "0818/152248", "correlationVector":"54YnAsd4qSYi1+Ln1ohQSd.11","action":"CompareDataConsistency result: ", "result":"Compare result: Edge E Drop is consistent. local entities count is: 0 local entities hash is: "}
{"logTime": "0818/152248", "correlationVector":"54YnAsd4qSYi1+Ln1ohQSd.12","action":"CompareDataConsistency result: ", "result":"Server did not send this Edge Workspace local entities count is: 0 local entities hash is: "}
{"logTime": "0818/152248", "correlationVector":"54YnAsd4qSYi1+Ln1ohQSd.13","action":"CompareDataConsistency result: ", "result":"Compare result: Passwords is consistent. local entities count is: 6 local entities hash is: LGuv1MmqIo2IWEWTQAiJ2qG6t/I="}
{"logTime": "0818/152248", "correlationVector":"ROH5/OJRat5pH83P9DzToS","action":"Commit Request", "result":"", "context":Item count: 4
Contributing types: Sessions, Device Info, User Consents}
{"logTime": "0818/152248", "correlationVector":"ROH5/OJRat5pH83P9DzToS.1","action":"SyncServerConnectionManagerRequest", "result":"SYNC_SERVER_OK", "context":{"environment":"Prod_germanywestcentral_prod-s01-010-eur-germanywestcentral", "migrationStage":"NotStarted", "server":"akswtt004000005"}}
{"logTime": "0818/152248", "correlationVector":"ROH5/OJRat5pH83P9DzToS.2","action":"Commit Response", "result":"Success", "context":Result: Success. cV=ROH5/OJRat5pH83P9DzToS.0;server=akswtt004000005;cloudType=Consumer;environment=Prod_germanywestcentral_prod-s01-010-eur-germanywestcentral;migrationStage=NotStarted}
{"logTime": "0818/152248", "correlationVector":"","action":"DIAGNOSTIC_REQUEST|v1/diagnosticData/Diagnostic.SendCheckResult()|SUCCESS", "result":""}
