{"logTime": "0816/140319", "correlationVector":"XSBAVmhIEFtxXP+v+t+XWz.1","action":"SyncServerConnectionManagerRequest", "result":"SYNC_SERVER_OK", "context":{"environment":"Prod_germanywestcentral_prod-s01-010-eur-germanywestcentral", "migrationStage":"NotStarted", "server":"akswtt004000005"}}
{"logTime": "0816/140319", "correlationVector":"XSBAVmhIEFtxXP+v+t+XWz.2","action":"ProcessGetUpdates", "result":"Done", "context":{"dataType":"Encryption Keys", "deleted":"0", "process_failed_to_decrypt":"0", "process_pending_decryption":"0", "process_success":"1", "total":"1"}}
{"logTime": "0816/140321", "correlationVector":"8RZBgNo4k2u7GAJrLfSrML","action":"SyncServerConnectionManagerRequest", "result":"SYNC_SERVER_OK", "context":{"environment":"", "migrationStage":"", "server":""}}
{"logTime": "0816/140321", "correlationVector":"8RZBgNo4k2u7GAJrLfSrML.0","action":"EncryptionKeysFetcher.DownloadKeys:", "result":"Success", "context":Key count: 10, Last key timestamp: 2026-05-05T11:38:52Z}
{"logTime": "0816/140322", "correlationVector":"8RZBgNo4k2u7GAJrLfSrML.1","action":"EncryptionKeysManager::SetEncryptionKeys:", "result":"Success", "context":Key names[10]:[YeZ3fzitxQagdB4GOA/eTUFad/FaompdKmCC4/bT0ig/zMu/MC3qKzEtXlNBOKbR4WFtqOzd+avfE5kVc9rJiw==][1bWTuaw16eiLXbHEhDggU0XtnrEmZFAKG8Um6vX7TgIkO01anuvi2P0pIE/oJUwD825x7idC2EDUbq86O6DLAw==][Mk8YujUsvKl8Fi0Tgnuz5/Rc67w7USCBYqctjwNVHOXHJNihAcqis8NKlJ4pfq4oQpM7hkbqwEereflhOICiVQ==][Oudt5HtfT/3pKsjmIPpKzI8xSbTR5fv/OvqFJuUYBn+bORUMFo8CM82baHt1hwU9UpqM3ec60HpU0RFkeYngkA==][IPvIcUXTBxfmC/Vd5IbI8hqz8jTpb8dvFxjR5Vmhqbx9sPixY1XNVv4YtBpctQFG2Dzlp1m58cGUG4XCBINIlw==][+gO+4mI7e7YeSdB50Ls8Rkg3pJzcODnb30LqR9FNxoW8MxdrrIa1ikSAwBD8tZ8KUUoHnu9qsYKCIuvvwtg8KQ==][m/5Vd/JX9Lwy05CIaG5nxrn/Fj5n8ktuwdChf6sy4LKpEFHxiETwwHgD0uVzutGO5io+4t7n8a9ZiUSqx8MSPw==][Zmmydih24Cijf4KdodeodL6fKrSPeAFj2MZ0OAHxbPHkLhyfynWCzsfUYr8d56cxM1WFxzatPVbuLhHUipR9ig==][qzek1Nn4ugx84K5dCpsKFx8bEdXWxNmxcgXX/xnKNreBiAzoNcudSAZWspaYYWPyEL5XP5ljD039HlYBSubARg==][t3nsDBIWP+yXW0FtLSDdjcI3IIB8sT4INPi70iFH+dK1LhUml960YlAe/qY/muUpS/cJL9w1iRMEm/xuoShp7A==]}
{"logTime": "0816/140322", "correlationVector":"8RZBgNo4k2u7GAJrLfSrML.2","action":"EncryptionKeysManager::SetEncryptionKeysWithTimestamps:", "result":"Success", "context":Key timestamps[10]:[2021-07-15T14:11:10Z][2022-02-03T21:01:13Z][2022-09-14T06:16:50Z][2023-03-26T07:44:52Z][2023-09-23T08:06:34Z][2024-04-06T06:37:35Z][2024-04-24T14:01:12Z][2025-01-29T17:09:46Z][2025-08-02T10:55:32Z][2026-05-05T11:38:52Z]}
{"logTime": "0816/140322", "correlationVector":"XSBAVmhIEFtxXP+v+t+XWz","action":"Initial GetUpdates", "result":"", "context":Reason: NEW_CLIENT. cV=XSBAVmhIEFtxXP+v+t+XWz}
{"logTime": "0816/140322", "correlationVector":"XSBAVmhIEFtxXP+v+t+XWz.3","action":"GetUpdates Response", "result":"Success", "context":Received 1 update(s). cV=XSBAVmhIEFtxXP+v+t+XWz.0;server=akswtt004000005;cloudType=Consumer;environment=Prod_germanywestcentral_prod-s01-010-eur-germanywestcentral;migrationStage=NotStarted}
{"logTime": "0816/140322", "correlationVector":"Q0RvrtqKMZllVXKEkB+4LU","action":"Initial GetUpdates", "result":"", "context":Reason: NEWLY_SUPPORTED_DATATYPE. cV=Q0RvrtqKMZllVXKEkB+4LU}
{"logTime": "0816/140322", "correlationVector":"Q0RvrtqKMZllVXKEkB+4LU.1","action":"SyncServerConnectionManagerRequest", "result":"SYNC_SERVER_OK", "context":{"environment":"Prod_germanywestcentral_prod-s01-010-eur-germanywestcentral", "migrationStage":"NotStarted", "server":"akswtt004000002"}}
{"logTime": "0816/140322", "correlationVector":"Q0RvrtqKMZllVXKEkB+4LU.2","action":"ProcessGetUpdates", "result":"Done", "context":{"dataType":"Passwords", "deleted":"0", "process_failed_to_decrypt":"0", "process_pending_decryption":"0", "process_success":"6", "total":"6"}}
{"logTime": "0816/140322", "correlationVector":"Q0RvrtqKMZllVXKEkB+4LU.3","action":"ProcessGetUpdates", "result":"Done", "context":{"dataType":"Device Info", "deleted":"0", "process_failed_to_decrypt":"0", "process_pending_decryption":"0", "process_success":"2", "total":"2"}}
{"logTime": "0816/140322", "correlationVector":"Q0RvrtqKMZllVXKEkB+4LU.4","action":"GetUpdates Response", "result":"Success", "context":Received 8 update(s). cV=Q0RvrtqKMZllVXKEkB+4LU.0;server=akswtt004000002;cloudType=Consumer;environment=Prod_germanywestcentral_prod-s01-010-eur-germanywestcentral;migrationStage=NotStarted}
{"logTime": "0816/140323", "correlationVector":"dVkB63Y4Ne0Z7eAMXiIx5o","action":"Initial GetUpdates", "result":"", "context":Reason: NEWLY_SUPPORTED_DATATYPE. cV=dVkB63Y4Ne0Z7eAMXiIx5o}
{"logTime": "0816/140323", "correlationVector":"dVkB63Y4Ne0Z7eAMXiIx5o.1","action":"SyncServerConnectionManagerRequest", "result":"SYNC_SERVER_OK", "context":{"environment":"Prod_germanywestcentral_prod-s01-010-eur-germanywestcentral", "migrationStage":"NotStarted", "server":"akswtt004000005"}}
{"logTime": "0816/140323", "correlationVector":"dVkB63Y4Ne0Z7eAMXiIx5o.2","action":"ProcessGetUpdates", "result":"Done", "context":{"dataType":"Bookmarks", "deleted":"0", "process_failed_to_decrypt":"0", "process_pending_decryption":"0", "process_success":"16", "total":"16"}}
{"logTime": "0816/140323", "correlationVector":"dVkB63Y4Ne0Z7eAMXiIx5o.3","action":"ProcessGetUpdates", "result":"Done", "context":{"dataType":"Preferences", "deleted":"0", "process_failed_to_decrypt":"0", "process_pending_decryption":"0", "process_success":"52", "total":"52"}}
{"logTime": "0816/140323", "correlationVector":"dVkB63Y4Ne0Z7eAMXiIx5o.4","action":"ProcessGetUpdates", "result":"Done", "context":{"dataType":"Autofill Profiles", "deleted":"0", "process_failed_to_decrypt":"0", "process_pending_decryption":"0", "process_success":"1", "total":"1"}}
{"logTime": "0816/140323", "correlationVector":"dVkB63Y4Ne0Z7eAMXiIx5o.5","action":"ProcessGetUpdates", "result":"Done", "context":{"dataType":"Autofill", "deleted":"0", "process_failed_to_decrypt":"0", "process_pending_decryption":"0", "process_success":"6", "total":"6"}}
{"logTime": "0816/140323", "correlationVector":"dVkB63Y4Ne0Z7eAMXiIx5o.6","action":"ProcessGetUpdates", "result":"Done", "context":{"dataType":"Sessions", "deleted":"5", "process_failed_to_decrypt":"0", "process_pending_decryption":"0", "process_success":"5", "total":"5"}}
{"logTime": "0816/140323", "correlationVector":"dVkB63Y4Ne0Z7eAMXiIx5o.7","action":"GetUpdates Response", "result":"Success", "context":Received 80 update(s). cV=dVkB63Y4Ne0Z7eAMXiIx5o.0;server=akswtt004000005;cloudType=Consumer;environment=Prod_germanywestcentral_prod-s01-010-eur-germanywestcentral;migrationStage=NotStarted}
{"logTime": "0816/140323", "correlationVector":"qyp6EnHXNGTvoivNRGtLka","action":"Initial GetUpdates", "result":"", "context":Reason: NEWLY_SUPPORTED_DATATYPE. cV=qyp6EnHXNGTvoivNRGtLka}
{"logTime": "0816/140323", "correlationVector":"qyp6EnHXNGTvoivNRGtLka.1","action":"SyncServerConnectionManagerRequest", "result":"SYNC_SERVER_OK", "context":{"environment":"Prod_germanywestcentral_prod-s01-010-eur-germanywestcentral", "migrationStage":"NotStarted", "server":"akswtt00400007m"}}
{"logTime": "0816/140323", "correlationVector":"qyp6EnHXNGTvoivNRGtLka.2","action":"GetUpdates Response", "result":"Success", "context":Received 0 update(s). cV=qyp6EnHXNGTvoivNRGtLka.0;server=akswtt00400007m;cloudType=Consumer;environment=Prod_germanywestcentral_prod-s01-010-eur-germanywestcentral;migrationStage=NotStarted}
{"logTime": "0816/140323", "correlationVector":"E52ET7KEajLQ1D+zhNrjPl","action":"Normal GetUpdate request", "result":"", "context":cV=E52ET7KEajLQ1D+zhNrjPl
Nudged types: Sessions, Device Info, User Consents
Refresh requested types: Bookmarks, Preferences, Passwords, Autofill Profiles, Autofill, Extensions, Sessions, Extension settings, History Delete Directives, Device Info, User Consents, Send Tab To Self, Web Apps, History, Saved Tab Group, WebAuthn Credentials, Edge E Drop, Edge Hub App Usage, Edge Workspace, Encryption Keys}
{"logTime": "0816/140325", "correlationVector":"E52ET7KEajLQ1D+zhNrjPl.1","action":"SyncServerConnectionManagerRequest", "result":"SYNC_SERVER_OK", "context":{"environment":"Prod_germanywestcentral_prod-s01-010-eur-germanywestcentral", "migrationStage":"NotStarted", "server":"akswtt00400000j"}}
{"logTime": "0816/140325", "correlationVector":"E52ET7KEajLQ1D+zhNrjPl.2","action":"ProcessGetUpdates", "result":"Done", "context":{"dataType":"Sessions", "deleted":"0", "process_failed_to_decrypt":"0", "process_pending_decryption":"0", "process_success":"2", "total":"2"}}
{"logTime": "0816/140325", "correlationVector":"E52ET7KEajLQ1D+zhNrjPl.3","action":"ProcessGetUpdates", "result":"Done", "context":{"dataType":"Device Info", "deleted":"0", "process_failed_to_decrypt":"0", "process_pending_decryption":"0", "process_success":"1", "total":"1"}}
{"logTime": "0816/140325", "correlationVector":"E52ET7KEajLQ1D+zhNrjPl.4","action":"GetUpdates Response", "result":"Success", "context":Received 3 update(s). cV=E52ET7KEajLQ1D+zhNrjPl.0;server=akswtt00400000j;cloudType=Consumer;environment=Prod_germanywestcentral_prod-s01-010-eur-germanywestcentral;migrationStage=NotStarted}
{"logTime": "0816/140325", "correlationVector":"njVhxUdAZjF5WE1Ea77PIF","action":"DoCompareDataConsistency requsted types: ", "result":"Bookmarks, Preferences, Passwords, Extensions, Extension settings, History Delete Directives, Send Tab To Self, Web Apps, History, Saved Tab Group, WebAuthn Credentials, Edge E Drop, Edge Workspace, Encryption Keys"}
{"logTime": "0816/140325", "correlationVector":"njVhxUdAZjF5WE1Ea77PIF.0","action":"CompareDataConsistency result: ", "result":"Compare result: Encryption Keys is consistent. local entities count is: 1 local entities hash is: M/pbH2N2vfUaiQlD6pUp9D8PA6I="}
{"logTime": "0816/140325", "correlationVector":"njVhxUdAZjF5WE1Ea77PIF.1","action":"CompareDataConsistency result: ", "result":"Compare result: Bookmarks is consistent. local entities count is: 10 local entities hash is: lLJnBCl9u1JrVtJ5BeNVuE9PEuQ="}
{"logTime": "0816/140325", "correlationVector":"njVhxUdAZjF5WE1Ea77PIF.2","action":"CompareDataConsistency result: ", "result":"Compare result: Preferences is consistent. local entities count is: 52 local entities hash is: o1aRvax1aKlATS6g1u5CpyK6tg8="}
{"logTime": "0816/140325", "correlationVector":"njVhxUdAZjF5WE1Ea77PIF.3","action":"CompareDataConsistency result: ", "result":"Compare result: Extensions is consistent. local entities count is: 0 local entities hash is: "}
{"logTime": "0816/140325", "correlationVector":"njVhxUdAZjF5WE1Ea77PIF.4","action":"CompareDataConsistency result: ", "result":"Compare result: Extension settings is consistent. local entities count is: 0 local entities hash is: "}
{"logTime": "0816/140325", "correlationVector":"njVhxUdAZjF5WE1Ea77PIF.5","action":"CompareDataConsistency result: ", "result":"Compare result: History Delete Directives is consistent. local entities count is: 0 local entities hash is: "}
{"logTime": "0816/140325", "correlationVector":"njVhxUdAZjF5WE1Ea77PIF.6","action":"CompareDataConsistency result: ", "result":"Server did not send this Send Tab To Self local entities count is: 0 local entities hash is: "}
{"logTime": "0816/140325", "correlationVector":"njVhxUdAZjF5WE1Ea77PIF.7","action":"CompareDataConsistency result: ", "result":"Compare result: Web Apps is consistent. local entities count is: 0 local entities hash is: "}
{"logTime": "0816/140325", "correlationVector":"njVhxUdAZjF5WE1Ea77PIF.8","action":"CompareDataConsistency result: ", "result":"Server did not send this History local entities count is: 0 local entities hash is: "}
{"logTime": "0816/140325", "correlationVector":"njVhxUdAZjF5WE1Ea77PIF.9","action":"CompareDataConsistency result: ", "result":"Compare result: Saved Tab Group is consistent. local entities count is: 0 local entities hash is: "}
{"logTime": "0816/140325", "correlationVector":"njVhxUdAZjF5WE1Ea77PIF.10","action":"CompareDataConsistency result: ", "result":"Server did not send this WebAuthn Credentials local entities count is: 0 local entities hash is: "}
{"logTime": "0816/140325", "correlationVector":"njVhxUdAZjF5WE1Ea77PIF.11","action":"CompareDataConsistency result: ", "result":"Compare result: Edge E Drop is consistent. local entities count is: 0 local entities hash is: "}
{"logTime": "0816/140325", "correlationVector":"njVhxUdAZjF5WE1Ea77PIF.12","action":"CompareDataConsistency result: ", "result":"Server did not send this Edge Workspace local entities count is: 0 local entities hash is: "}
{"logTime": "0816/140325", "correlationVector":"njVhxUdAZjF5WE1Ea77PIF.13","action":"CompareDataConsistency result: ", "result":"Compare result: Passwords is consistent. local entities count is: 6 local entities hash is: 7HPvOhxeYQiuUBj2bsVHnyY8hgY="}
{"logTime": "0816/140325", "correlationVector":"QQLU0f8b+IfsdyXzFYlVsZ","action":"Commit Request", "result":"", "context":Item count: 4
Contributing types: Sessions, Device Info, User Consents}
{"logTime": "0816/140325", "correlationVector":"QQLU0f8b+IfsdyXzFYlVsZ.1","action":"SyncServerConnectionManagerRequest", "result":"SYNC_SERVER_OK", "context":{"environment":"Prod_germanywestcentral_prod-s01-010-eur-germanywestcentral", "migrationStage":"NotStarted", "server":"akswtt00400000o"}}
{"logTime": "0816/140325", "correlationVector":"QQLU0f8b+IfsdyXzFYlVsZ.2","action":"Commit Response", "result":"Success", "context":Result: Success. cV=QQLU0f8b+IfsdyXzFYlVsZ.0;server=akswtt00400000o;cloudType=Consumer;environment=Prod_germanywestcentral_prod-s01-010-eur-germanywestcentral;migrationStage=NotStarted}
{"logTime": "0816/140325", "correlationVector":"","action":"DIAGNOSTIC_REQUEST|v1/diagnosticData/Diagnostic.SendCheckResult()|SUCCESS", "result":""}
{"logTime": "0816/140347", "correlationVector":"Dka5qQZmWPm16Ksz7spKgX","action":"Commit Request", "result":"", "context":Item count: 6
Contributing types: Passwords}
{"logTime": "0816/140347", "correlationVector":"Dka5qQZmWPm16Ksz7spKgX.1","action":"SyncServerConnectionManagerRequest", "result":"SYNC_SERVER_OK", "context":{"environment":"Prod_germanywestcentral_prod-s01-010-eur-germanywestcentral", "migrationStage":"NotStarted", "server":"akswtt00400000g"}}
{"logTime": "0816/140347", "correlationVector":"Dka5qQZmWPm16Ksz7spKgX.2","action":"Commit Response", "result":"Success", "context":Result: Success. cV=Dka5qQZmWPm16Ksz7spKgX.0;server=akswtt00400000g;cloudType=Consumer;environment=Prod_germanywestcentral_prod-s01-010-eur-germanywestcentral;migrationStage=NotStarted}
{"logTime": "0816/140347", "correlationVector":"Dka5qQZmWPm16Ksz7spKgX.3","action":"Commit.Passwords", "result":"Conflict", "context":{"id":"83d4a077-7a90-41de-b9d6-b3ee7acab1e0", "isDeleted":"false", "size":"734", "version":"1777981134139"}}
{"logTime": "0816/140347", "correlationVector":"Dka5qQZmWPm16Ksz7spKgX.4","action":"Commit.Passwords", "result":"Conflict", "context":{"id":"92e30131-383e-4134-a6be-11f408f8d921", "isDeleted":"false", "size":"803", "version":"1777981134138"}}
{"logTime": "0816/140347", "correlationVector":"Dka5qQZmWPm16Ksz7spKgX.5","action":"Commit.Passwords", "result":"Conflict", "context":{"id":"b9ca5a5f-37b8-42ed-b2c0-04704aad8dee", "isDeleted":"false", "size":"666", "version":"1777981134140"}}
{"logTime": "0816/140347", "correlationVector":"Dka5qQZmWPm16Ksz7spKgX.6","action":"Commit.Passwords", "result":"Conflict", "context":{"id":"13ac77d6-2de4-49d3-9733-d3f0e58b2249", "isDeleted":"false", "size":"715", "version":"1777981134142"}}
{"logTime": "0816/140347", "correlationVector":"Dka5qQZmWPm16Ksz7spKgX.7","action":"Commit.Passwords", "result":"Conflict", "context":{"id":"a6d2301d-1ee9-4aef-b6cf-977e3732101a", "isDeleted":"false", "size":"713", "version":"1780847781319"}}
{"logTime": "0816/140347", "correlationVector":"Dka5qQZmWPm16Ksz7spKgX.8","action":"Commit.Passwords", "result":"Conflict", "context":{"id":"f1c2f30f-c777-4477-b8f2-42fbb3ed4267", "isDeleted":"false", "size":"642", "version":"1777981134141"}}
{"logTime": "0816/140348", "correlationVector":"19MbB+aDQUGYNAVLtz/iTn","action":"Normal GetUpdate request", "result":"", "context":cV=19MbB+aDQUGYNAVLtz/iTn
Nudged types: Passwords
Notified types: Passwords}
{"logTime": "0816/140349", "correlationVector":"19MbB+aDQUGYNAVLtz/iTn.1","action":"SyncServerConnectionManagerRequest", "result":"SYNC_SERVER_OK", "context":{"environment":"Prod_germanywestcentral_prod-s01-010-eur-germanywestcentral", "migrationStage":"NotStarted", "server":"akswtt00400000a"}}
{"logTime": "0816/140349", "correlationVector":"19MbB+aDQUGYNAVLtz/iTn.2","action":"ProcessGetUpdates", "result":"Done", "context":{"dataType":"Passwords", "deleted":"0", "process_failed_to_decrypt":"0", "process_pending_decryption":"0", "process_success":"4", "total":"4"}}
{"logTime": "0816/140349", "correlationVector":"19MbB+aDQUGYNAVLtz/iTn.3","action":"ProcessGetUpdates", "result":"Done", "context":{"dataType":"Sessions", "deleted":"0", "process_failed_to_decrypt":"0", "process_pending_decryption":"0", "process_success":"2", "total":"2"}}
{"logTime": "0816/140349", "correlationVector":"19MbB+aDQUGYNAVLtz/iTn.4","action":"ProcessGetUpdates", "result":"Done", "context":{"dataType":"Device Info", "deleted":"0", "process_failed_to_decrypt":"0", "process_pending_decryption":"0", "process_success":"1", "total":"1"}}
{"logTime": "0816/140349", "correlationVector":"19MbB+aDQUGYNAVLtz/iTn.5","action":"GetUpdates Response", "result":"Success", "context":Received 7 update(s). cV=19MbB+aDQUGYNAVLtz/iTn.0;server=akswtt00400000a;cloudType=Consumer;environment=Prod_germanywestcentral_prod-s01-010-eur-germanywestcentral;migrationStage=NotStarted}
{"logTime": "0816/140349", "correlationVector":"cTB3Z7x6fDTr26X39p17p2","action":"Commit Request", "result":"", "context":Item count: 2
Contributing types: Passwords}
{"logTime": "0816/140349", "correlationVector":"cTB3Z7x6fDTr26X39p17p2.1","action":"SyncServerConnectionManagerRequest", "result":"SYNC_SERVER_OK", "context":{"environment":"Prod_germanywestcentral_prod-s01-010-eur-germanywestcentral", "migrationStage":"NotStarted", "server":"akswtt00400000j"}}
{"logTime": "0816/140349", "correlationVector":"cTB3Z7x6fDTr26X39p17p2.2","action":"Commit Response", "result":"Success", "context":Result: Success. cV=cTB3Z7x6fDTr26X39p17p2.0;server=akswtt00400000j;cloudType=Consumer;environment=Prod_germanywestcentral_prod-s01-010-eur-germanywestcentral;migrationStage=NotStarted}
{"logTime": "0816/140350", "correlationVector":"gLebvaSluxZbgjFRc655Bq","action":"Normal GetUpdate request", "result":"", "context":cV=gLebvaSluxZbgjFRc655Bq
Nudged types: Passwords
Notified types: Passwords}
{"logTime": "0816/140350", "correlationVector":"gLebvaSluxZbgjFRc655Bq.1","action":"SyncServerConnectionManagerRequest", "result":"SYNC_SERVER_OK", "context":{"environment":"Prod_germanywestcentral_prod-s01-010-eur-germanywestcentral", "migrationStage":"NotStarted", "server":"akswtt004000005"}}
{"logTime": "0816/140350", "correlationVector":"gLebvaSluxZbgjFRc655Bq.2","action":"ProcessGetUpdates", "result":"Done", "context":{"dataType":"Passwords", "deleted":"0", "process_failed_to_decrypt":"0", "process_pending_decryption":"0", "process_success":"2", "total":"2"}}
{"logTime": "0816/140350", "correlationVector":"gLebvaSluxZbgjFRc655Bq.3","action":"GetUpdates Response", "result":"Success", "context":Received 2 update(s). cV=gLebvaSluxZbgjFRc655Bq.0;server=akswtt004000005;cloudType=Consumer;environment=Prod_germanywestcentral_prod-s01-010-eur-germanywestcentral;migrationStage=NotStarted}
{"logTime": "0816/220323", "correlationVector":"TYFS2EebU88lb8c0gGVxrD","action":"Poll GetUpdate request", "result":"", "context":cV=TYFS2EebU88lb8c0gGVxrD}
{"logTime": "0816/220324", "correlationVector":"TYFS2EebU88lb8c0gGVxrD.1","action":"SyncServerConnectionManagerRequest", "result":"SYNC_SERVER_OK", "context":{"environment":"Prod_germanywestcentral_prod-s01-010-eur-germanywestcentral", "migrationStage":"NotStarted", "server":"akswtt004000002"}}
{"logTime": "0816/220324", "correlationVector":"TYFS2EebU88lb8c0gGVxrD.2","action":"GetUpdates Response", "result":"Success", "context":Received 0 update(s). cV=TYFS2EebU88lb8c0gGVxrD.0;server=akswtt004000002;cloudType=Consumer;environment=Prod_germanywestcentral_prod-s01-010-eur-germanywestcentral;migrationStage=NotStarted}
{"logTime": "0816/220329", "correlationVector":"Y9cMmIHGY/Ggz2kANbxP45","action":"Normal GetUpdate request", "result":"", "context":cV=Y9cMmIHGY/Ggz2kANbxP45
Notified types: Passwords}
{"logTime": "0816/220329", "correlationVector":"Y9cMmIHGY/Ggz2kANbxP45.1","action":"SyncServerConnectionManagerRequest", "result":"SYNC_SERVER_OK", "context":{"environment":"Prod_germanywestcentral_prod-s01-010-eur-germanywestcentral", "migrationStage":"NotStarted", "server":"akswtt00400006t"}}
{"logTime": "0816/220329", "correlationVector":"Y9cMmIHGY/Ggz2kANbxP45.2","action":"ProcessGetUpdates", "result":"Done", "context":{"dataType":"Passwords", "deleted":"0", "process_failed_to_decrypt":"0", "process_pending_decryption":"0", "process_success":"1", "total":"1"}}
{"logTime": "0816/220329", "correlationVector":"Y9cMmIHGY/Ggz2kANbxP45.3","action":"GetUpdates Response", "result":"Success", "context":Received 1 update(s). cV=Y9cMmIHGY/Ggz2kANbxP45.0;server=akswtt00400006t;cloudType=Consumer;environment=Prod_germanywestcentral_prod-s01-010-eur-germanywestcentral;migrationStage=NotStarted}
{"logTime": "0817/060324", "correlationVector":"2usNO3XIwv5bT6jgHdoZ9w","action":"Poll GetUpdate request", "result":"", "context":cV=2usNO3XIwv5bT6jgHdoZ9w}
{"logTime": "0817/060324", "correlationVector":"2usNO3XIwv5bT6jgHdoZ9w.1","action":"SyncServerConnectionManagerRequest", "result":"SYNC_AUTH_ERROR", "context":{"environment":"Prod_germanywestcentral_prod-s01-010-eur-germanywestcentral", "migrationStage":"NotStarted", "server":"akswtt004000007"}}
{"logTime": "0817/060324", "correlationVector":"2usNO3XIwv5bT6jgHdoZ9w.2","action":"GetUpdates Response", "result":"HTTP error (401)", "context":Received error: HTTP error (401). cV=2usNO3XIwv5bT6jgHdoZ9w.0;server=akswtt004000007;cloudType=Undetermined;environment=Prod_germanywestcentral_prod-s01-010-eur-germanywestcentral;migrationStage=NotStarted}
{"logTime": "0817/060324", "correlationVector":"QFf3kOIDt5Vzmaym8Jl+xM","action":"Poll GetUpdate request", "result":"", "context":cV=QFf3kOIDt5Vzmaym8Jl+xM}
{"logTime": "0817/060325", "correlationVector":"QFf3kOIDt5Vzmaym8Jl+xM.1","action":"SyncServerConnectionManagerRequest", "result":"SYNC_SERVER_OK", "context":{"environment":"Prod_germanywestcentral_prod-s01-010-eur-germanywestcentral", "migrationStage":"NotStarted", "server":"akswtt004000089"}}
{"logTime": "0817/060325", "correlationVector":"QFf3kOIDt5Vzmaym8Jl+xM.2","action":"GetUpdates Response", "result":"Success", "context":Received 0 update(s). cV=QFf3kOIDt5Vzmaym8Jl+xM.0;server=akswtt004000089;cloudType=Consumer;environment=Prod_germanywestcentral_prod-s01-010-eur-germanywestcentral;migrationStage=NotStarted}
{"logTime": "0817/140248", "correlationVector":"ZP+JejlniIGhFQ2hUI89DD","action":"Commit Request", "result":"", "context":Item count: 1
Contributing types: Preferences}
{"logTime": "0817/140249", "correlationVector":"ZP+JejlniIGhFQ2hUI89DD.1","action":"SyncServerConnectionManagerRequest", "result":"SYNC_SERVER_OK", "context":{"environment":"Prod_germanywestcentral_prod-s01-011-eur-germanywestcentral", "migrationStage":"NotStarted", "server":"akswtt10300001z"}}
{"logTime": "0817/140249", "correlationVector":"ZP+JejlniIGhFQ2hUI89DD.2","action":"Commit Response", "result":"Success", "context":Result: Success. cV=ZP+JejlniIGhFQ2hUI89DD.0;server=akswtt10300001z;cloudType=Consumer;environment=Prod_germanywestcentral_prod-s01-011-eur-germanywestcentral;migrationStage=NotStarted}
{"logTime": "0817/140324", "correlationVector":"rwiaxdeip1OhD9+EtFWzW1","action":"Normal GetUpdate request", "result":"", "context":cV=rwiaxdeip1OhD9+EtFWzW1
Nudged types: Device Info
Notified types: Device Info}
{"logTime": "0817/140324", "correlationVector":"rwiaxdeip1OhD9+EtFWzW1.1","action":"SyncServerConnectionManagerRequest", "result":"SYNC_SERVER_OK", "context":{"environment":"Prod_germanywestcentral_prod-s01-011-eur-germanywestcentral", "migrationStage":"NotStarted", "server":"akswtt103000002"}}
{"logTime": "0817/140324", "correlationVector":"rwiaxdeip1OhD9+EtFWzW1.2","action":"ProcessGetUpdates", "result":"Done", "context":{"dataType":"Preferences", "deleted":"0", "process_failed_to_decrypt":"0", "process_pending_decryption":"0", "process_success":"1", "total":"1"}}
{"logTime": "0817/140324", "correlationVector":"rwiaxdeip1OhD9+EtFWzW1.3","action":"ProcessGetUpdates", "result":"Done", "context":{"dataType":"Device Info", "deleted":"0", "process_failed_to_decrypt":"0", "process_pending_decryption":"0", "process_success":"1", "total":"1"}}
{"logTime": "0817/140324", "correlationVector":"rwiaxdeip1OhD9+EtFWzW1.4","action":"GetUpdates Response", "result":"Success", "context":Received 2 update(s). cV=rwiaxdeip1OhD9+EtFWzW1.0;server=akswtt103000002;cloudType=Consumer;environment=Prod_germanywestcentral_prod-s01-011-eur-germanywestcentral;migrationStage=NotStarted}
{"logTime": "0817/140324", "correlationVector":"Q2SPeohiba0xwCgTvjwRv0","action":"Commit Request", "result":"", "context":Item count: 1
Contributing types: Device Info}
{"logTime": "0817/140324", "correlationVector":"Q2SPeohiba0xwCgTvjwRv0.1","action":"SyncServerConnectionManagerRequest", "result":"SYNC_SERVER_OK", "context":{"environment":"Prod_westeurope_prod-s01-079-eur-westeurope", "migrationStage":"NotStarted", "server":"akswtt00400001q"}}
{"logTime": "0817/140324", "correlationVector":"Q2SPeohiba0xwCgTvjwRv0.2","action":"Commit Response", "result":"Success", "context":Result: Success. cV=Q2SPeohiba0xwCgTvjwRv0.0;server=akswtt00400001q;cloudType=Consumer;environment=Prod_westeurope_prod-s01-079-eur-westeurope;migrationStage=NotStarted}
{"logTime": "0817/140324", "correlationVector":"BNDBe5j65EsGNauAtrL996","action":"SyncServerConnectionManagerRequest", "result":"SYNC_SERVER_ERROR", "context":{"environment":"", "error_type":"http_status_code", "error_value":"400", "migrationStage":"", "server":""}}
{"logTime": "0817/140325", "correlationVector":"tm/ycnHT1yATSS3OPbtHs6","action":"Poll GetUpdate request", "result":"", "context":cV=tm/ycnHT1yATSS3OPbtHs6}
{"logTime": "0817/140325", "correlationVector":"tm/ycnHT1yATSS3OPbtHs6.1","action":"SyncServerConnectionManagerRequest", "result":"SYNC_SERVER_OK", "context":{"environment":"Prod_germanywestcentral_prod-s01-011-eur-germanywestcentral", "migrationStage":"NotStarted", "server":"akswtt10300001e"}}
{"logTime": "0817/140325", "correlationVector":"tm/ycnHT1yATSS3OPbtHs6.2","action":"ProcessGetUpdates", "result":"Done", "context":{"dataType":"Device Info", "deleted":"0", "process_failed_to_decrypt":"0", "process_pending_decryption":"0", "process_success":"1", "total":"1"}}
{"logTime": "0817/140325", "correlationVector":"tm/ycnHT1yATSS3OPbtHs6.3","action":"GetUpdates Response", "result":"Success", "context":Received 1 update(s). cV=tm/ycnHT1yATSS3OPbtHs6.0;server=akswtt10300001e;cloudType=Consumer;environment=Prod_germanywestcentral_prod-s01-011-eur-germanywestcentral;migrationStage=NotStarted}
{"logTime": "0817/140541", "correlationVector":"hvF1ATU288NQ0M6aFeSnl9","action":"Normal GetUpdate request", "result":"", "context":cV=hvF1ATU288NQ0M6aFeSnl9
Notified types: Device Info}
{"logTime": "0817/140541", "correlationVector":"hvF1ATU288NQ0M6aFeSnl9.1","action":"SyncServerConnectionManagerRequest", "result":"SYNC_SERVER_OK", "context":{"environment":"Prod_germanywestcentral_prod-s01-011-eur-germanywestcentral", "migrationStage":"NotStarted", "server":"akswtt10300001d"}}
{"logTime": "0817/140541", "correlationVector":"hvF1ATU288NQ0M6aFeSnl9.2","action":"ProcessGetUpdates", "result":"Done", "context":{"dataType":"Device Info", "deleted":"0", "process_failed_to_decrypt":"0", "process_pending_decryption":"0", "process_success":"1", "total":"1"}}
{"logTime": "0817/140541", "correlationVector":"hvF1ATU288NQ0M6aFeSnl9.3","action":"GetUpdates Response", "result":"Success", "context":Received 1 update(s). cV=hvF1ATU288NQ0M6aFeSnl9.0;server=akswtt10300001d;cloudType=Consumer;environment=Prod_germanywestcentral_prod-s01-011-eur-germanywestcentral;migrationStage=NotStarted}
{"logTime": "0817/140541", "correlationVector":"3WSwLF4S/DFgiOvWcabGhS","action":"SyncServerConnectionManagerRequest", "result":"SYNC_SERVER_OK", "context":{"environment":"", "migrationStage":"", "server":""}}
{"logTime": "0817/140541", "correlationVector":"3WSwLF4S/DFgiOvWcabGhS.0","action":"EncryptionKeysFetcher.DownloadKeys:", "result":"Success", "context":Key count: 10, Last key timestamp: 2026-05-05T11:38:52Z}
{"logTime": "0817/140542", "correlationVector":"3WSwLF4S/DFgiOvWcabGhS.1","action":"EncryptionKeysManager::SetEncryptionKeys:", "result":"Success", "context":Key names[10]:[YeZ3fzitxQagdB4GOA/eTUFad/FaompdKmCC4/bT0ig/zMu/MC3qKzEtXlNBOKbR4WFtqOzd+avfE5kVc9rJiw==][1bWTuaw16eiLXbHEhDggU0XtnrEmZFAKG8Um6vX7TgIkO01anuvi2P0pIE/oJUwD825x7idC2EDUbq86O6DLAw==][Mk8YujUsvKl8Fi0Tgnuz5/Rc67w7USCBYqctjwNVHOXHJNihAcqis8NKlJ4pfq4oQpM7hkbqwEereflhOICiVQ==][Oudt5HtfT/3pKsjmIPpKzI8xSbTR5fv/OvqFJuUYBn+bORUMFo8CM82baHt1hwU9UpqM3ec60HpU0RFkeYngkA==][IPvIcUXTBxfmC/Vd5IbI8hqz8jTpb8dvFxjR5Vmhqbx9sPixY1XNVv4YtBpctQFG2Dzlp1m58cGUG4XCBINIlw==][+gO+4mI7e7YeSdB50Ls8Rkg3pJzcODnb30LqR9FNxoW8MxdrrIa1ikSAwBD8tZ8KUUoHnu9qsYKCIuvvwtg8KQ==][m/5Vd/JX9Lwy05CIaG5nxrn/Fj5n8ktuwdChf6sy4LKpEFHxiETwwHgD0uVzutGO5io+4t7n8a9ZiUSqx8MSPw==][Zmmydih24Cijf4KdodeodL6fKrSPeAFj2MZ0OAHxbPHkLhyfynWCzsfUYr8d56cxM1WFxzatPVbuLhHUipR9ig==][qzek1Nn4ugx84K5dCpsKFx8bEdXWxNmxcgXX/xnKNreBiAzoNcudSAZWspaYYWPyEL5XP5ljD039HlYBSubARg==][t3nsDBIWP+yXW0FtLSDdjcI3IIB8sT4INPi70iFH+dK1LhUml960YlAe/qY/muUpS/cJL9w1iRMEm/xuoShp7A==]}
{"logTime": "0817/140542", "correlationVector":"3WSwLF4S/DFgiOvWcabGhS.2","action":"EncryptionKeysManager::SetEncryptionKeysWithTimestamps:", "result":"Success", "context":Key timestamps[10]:[2021-07-15T14:11:10Z][2022-02-03T21:01:13Z][2022-09-14T06:16:50Z][2023-03-26T07:44:52Z][2023-09-23T08:06:34Z][2024-04-06T06:37:35Z][2024-04-24T14:01:12Z][2025-01-29T17:09:46Z][2025-08-02T10:55:32Z][2026-05-05T11:38:52Z]}
{"logTime": "0817/140545", "correlationVector":"Uh0GQF1lmzt2Weq+EJbohJ","action":"Commit Request", "result":"", "context":Item count: 1
Contributing types: Device Info}
{"logTime": "0817/140545", "correlationVector":"Uh0GQF1lmzt2Weq+EJbohJ.1","action":"SyncServerConnectionManagerRequest", "result":"SYNC_SERVER_OK", "context":{"environment":"Prod_germanywestcentral_prod-s01-010-eur-germanywestcentral", "migrationStage":"NotStarted", "server":"akswtt004000005"}}
{"logTime": "0817/140545", "correlationVector":"Uh0GQF1lmzt2Weq+EJbohJ.2","action":"Commit Response", "result":"Success", "context":Result: Success. cV=Uh0GQF1lmzt2Weq+EJbohJ.0;server=akswtt004000005;cloudType=Consumer;environment=Prod_germanywestcentral_prod-s01-010-eur-germanywestcentral;migrationStage=NotStarted}
{"logTime": "0817/220326", "correlationVector":"7ZBoukPVMo9OpoJ4mwVYKg","action":"Poll GetUpdate request", "result":"", "context":cV=7ZBoukPVMo9OpoJ4mwVYKg}
{"logTime": "0817/220327", "correlationVector":"7ZBoukPVMo9OpoJ4mwVYKg.1","action":"SyncServerConnectionManagerRequest", "result":"SYNC_SERVER_OK", "context":{"environment":"Prod_germanywestcentral_prod-s01-010-eur-germanywestcentral", "migrationStage":"NotStarted", "server":"akswtt00400007p"}}
{"logTime": "0817/220327", "correlationVector":"7ZBoukPVMo9OpoJ4mwVYKg.2","action":"ProcessGetUpdates", "result":"Done", "context":{"dataType":"Device Info", "deleted":"0", "process_failed_to_decrypt":"0", "process_pending_decryption":"0", "process_success":"1", "total":"1"}}
{"logTime": "0817/220327", "correlationVector":"7ZBoukPVMo9OpoJ4mwVYKg.3","action":"GetUpdates Response", "result":"Success", "context":Received 1 update(s). cV=7ZBoukPVMo9OpoJ4mwVYKg.0;server=akswtt00400007p;cloudType=Consumer;environment=Prod_germanywestcentral_prod-s01-010-eur-germanywestcentral;migrationStage=NotStarted}
{"logTime": "0818/060327", "correlationVector":"NKgpbtE65/4tQgri8IXpno","action":"Poll GetUpdate request", "result":"", "context":cV=NKgpbtE65/4tQgri8IXpno}
{"logTime": "0818/060327", "correlationVector":"NKgpbtE65/4tQgri8IXpno.1","action":"SyncServerConnectionManagerRequest", "result":"SYNC_AUTH_ERROR", "context":{"environment":"Prod_germanywestcentral_prod-s01-010-eur-germanywestcentral", "migrationStage":"NotStarted", "server":"akswtt004000007"}}
{"logTime": "0818/060327", "correlationVector":"NKgpbtE65/4tQgri8IXpno.2","action":"GetUpdates Response", "result":"HTTP error (401)", "context":Received error: HTTP error (401). cV=NKgpbtE65/4tQgri8IXpno.0;server=akswtt004000007;cloudType=Undetermined;environment=Prod_germanywestcentral_prod-s01-010-eur-germanywestcentral;migrationStage=NotStarted}
{"logTime": "0818/060327", "correlationVector":"ub23nYSOxDUPOV5wFzkUWI","action":"Poll GetUpdate request", "result":"", "context":cV=ub23nYSOxDUPOV5wFzkUWI}
{"logTime": "0818/060327", "correlationVector":"ub23nYSOxDUPOV5wFzkUWI.1","action":"SyncServerConnectionManagerRequest", "result":"SYNC_SERVER_OK", "context":{"environment":"Prod_germanywestcentral_prod-s01-010-eur-germanywestcentral", "migrationStage":"NotStarted", "server":"akswtt00400007q"}}
{"logTime": "0818/060327", "correlationVector":"ub23nYSOxDUPOV5wFzkUWI.2","action":"GetUpdates Response", "result":"Success", "context":Received 0 update(s). cV=ub23nYSOxDUPOV5wFzkUWI.0;server=akswtt00400007q;cloudType=Consumer;environment=Prod_germanywestcentral_prod-s01-010-eur-germanywestcentral;migrationStage=NotStarted}
